Component: Arm Compiler for Embedded 6.19 Tool: armlink [5e73cb00]

==============================================================================

Section Cross References

    stm32f144_gpio.o(.ARM.exidx.text.configLed) refers to stm32f144_gpio.o(.text.configLed) for [Anonymous Symbol]
    stm32f144_gpio.o(.ARM.exidx.text.setOutputPin) refers to stm32f144_gpio.o(.text.setOutputPin) for [Anonymous Symbol]
    stm32f144_gpio.o(.ARM.exidx.text.configButton) refers to stm32f144_gpio.o(.text.configButton) for [Anonymous Symbol]
    stm32f144_gpio.o(.ARM.exidx.text.configButton_portA) refers to stm32f144_gpio.o(.text.configButton_portA) for [Anonymous Symbol]
    stm32f144_gpio.o(.ARM.exidx.text.configButton_portB) refers to stm32f144_gpio.o(.text.configButton_portB) for [Anonymous Symbol]
    stm32f411_uart.o(.ARM.exidx.text.LPUART_PORT0_init) refers to stm32f411_uart.o(.text.LPUART_PORT0_init) for [Anonymous Symbol]
    stm32f411_uart.o(.ARM.exidx.text.LPUART0_TransReceiver_Pin) refers to stm32f411_uart.o(.text.LPUART0_TransReceiver_Pin) for [Anonymous Symbol]
    stm32f411_uart.o(.ARM.exidx.text.LPUART0_BaudRate) refers to stm32f411_uart.o(.text.LPUART0_BaudRate) for [Anonymous Symbol]
    stm32f411_uart.o(.ARM.exidx.text.LPUART0_Frame) refers to stm32f411_uart.o(.text.LPUART0_Frame) for [Anonymous Symbol]
    stm32f411_uart.o(.ARM.exidx.text.LPUART0_Enable_RxTx) refers to stm32f411_uart.o(.text.LPUART0_Enable_RxTx) for [Anonymous Symbol]
    stm32f411_uart.o(.text.LPUART0_init) refers to stm32f411_uart.o(.text.LPUART0_TransReceiver_Pin) for LPUART0_TransReceiver_Pin
    stm32f411_uart.o(.text.LPUART0_init) refers to stm32f411_uart.o(.text.LPUART0_BaudRate) for LPUART0_BaudRate
    stm32f411_uart.o(.text.LPUART0_init) refers to stm32f411_uart.o(.text.LPUART0_Frame) for LPUART0_Frame
    stm32f411_uart.o(.text.LPUART0_init) refers to stm32f411_uart.o(.text.LPUART0_Enable_RxTx) for LPUART0_Enable_RxTx
    stm32f411_uart.o(.ARM.exidx.text.LPUART0_init) refers to stm32f411_uart.o(.text.LPUART0_init) for [Anonymous Symbol]
    stm32f411_uart.o(.ARM.exidx.text.LPUART0_transmit_char) refers to stm32f411_uart.o(.text.LPUART0_transmit_char) for [Anonymous Symbol]
    stm32f411_uart.o(.text.LPUART0_transmit_string) refers to stm32f411_uart.o(.text.LPUART0_transmit_char) for LPUART0_transmit_char
    stm32f411_uart.o(.ARM.exidx.text.LPUART0_transmit_string) refers to stm32f411_uart.o(.text.LPUART0_transmit_string) for [Anonymous Symbol]
    stm32f411_uart.o(.ARM.exidx.text.LPUART0_receive_char) refers to stm32f411_uart.o(.text.LPUART0_receive_char) for [Anonymous Symbol]
    stm32f411_uart.o(.ARM.exidx.text.LPUART0_transmit_char_interrupt) refers to stm32f411_uart.o(.text.LPUART0_transmit_char_interrupt) for [Anonymous Symbol]
    stm32f411_uart.o(.ARM.exidx.text.LPUART0_receive_char_interrupt) refers to stm32f411_uart.o(.text.LPUART0_receive_char_interrupt) for [Anonymous Symbol]
    s32k_lpit.o(.ARM.exidx.text.SettingClock) refers to s32k_lpit.o(.text.SettingClock) for [Anonymous Symbol]
    s32k_lpit.o(.ARM.exidx.text.LPIT_Init) refers to s32k_lpit.o(.text.LPIT_Init) for [Anonymous Symbol]
    s32k_lpit.o(.ARM.exidx.text.Config_channel) refers to s32k_lpit.o(.text.Config_channel) for [Anonymous Symbol]
    s32k_lpit.o(.ARM.exidx.text.TimeChannel) refers to s32k_lpit.o(.text.TimeChannel) for [Anonymous Symbol]
    s32k_lpspi.o(.ARM.exidx.text.PORT_init_master) refers to s32k_lpspi.o(.text.PORT_init_master) for [Anonymous Symbol]
    s32k_lpspi.o(.ARM.exidx.text.LPSPI0_int_master) refers to s32k_lpspi.o(.text.LPSPI0_int_master) for [Anonymous Symbol]
    s32k_lpspi.o(.ARM.exidx.text.LPSPI0_transmit) refers to s32k_lpspi.o(.text.LPSPI0_transmit) for [Anonymous Symbol]
    s32k_lpspi.o(.text.LPSPI0_transmit_string) refers to s32k_lpspi.o(.text.LPSPI0_transmit) for LPSPI0_transmit
    s32k_lpspi.o(.ARM.exidx.text.LPSPI0_transmit_string) refers to s32k_lpspi.o(.text.LPSPI0_transmit_string) for [Anonymous Symbol]
    s32k_lpspi.o(.ARM.exidx.text.LPSPI0_receive) refers to s32k_lpspi.o(.text.LPSPI0_receive) for [Anonymous Symbol]
    s32k_lpspi.o(.ARM.exidx.text.PORT_init_slave) refers to s32k_lpspi.o(.text.PORT_init_slave) for [Anonymous Symbol]
    s32k_lpspi.o(.ARM.exidx.text.LPSPI1_int_slave) refers to s32k_lpspi.o(.text.LPSPI1_int_slave) for [Anonymous Symbol]
    s32k_lpspi.o(.ARM.exidx.text.LPSPI1_transmit) refers to s32k_lpspi.o(.text.LPSPI1_transmit) for [Anonymous Symbol]
    s32k_lpspi.o(.ARM.exidx.text.LPSPI1_receive) refers to s32k_lpspi.o(.text.LPSPI1_receive) for [Anonymous Symbol]
    s32k_lpspi.o(.ARM.exidx.text.LPSPI1_receive_interrupt) refers to s32k_lpspi.o(.text.LPSPI1_receive_interrupt) for [Anonymous Symbol]
    miniproject.o(.ARM.exidx.text.delay) refers to miniproject.o(.text.delay) for [Anonymous Symbol]
    miniproject.o(.text.main) refers to miniproject.o(.text.config) for config
    miniproject.o(.text.main) refers to miniproject.o(.text.MAX7219_Init) for MAX7219_Init
[...]
    miniproject.o(.text.toggleDecimalPointAndDisplay) refers to miniproject.o(.text.MAX7219_SendData) for MAX7219_SendData
    miniproject.o(.ARM.exidx.text.toggleDecimalPointAndDisplay) refers to miniproject.o(.text.toggleDecimalPointAndDisplay) for [Anonymous Symbol]
    miniproject.o(.text.cofig_lpit) refers to s32k_lpit.o(.text.SettingClock) for SettingClock
    miniproject.o(.text.cofig_lpit) refers to s32k_lpit.o(.text.LPIT_Init) for LPIT_Init
    miniproject.o(.text.cofig_lpit) refers to s32k_lpit.o(.text.Config_channel) for Config_channel
    miniproject.o(.text.cofig_lpit) refers to s32k_lpit.o(.text.TimeChannel) for TimeChannel
    miniproject.o(.ARM.exidx.text.cofig_lpit) refers to miniproject.o(.text.cofig_lpit) for [Anonymous Symbol]
    miniproject.o(.text.displayTime) refers to miniproject.o(.text.MAX7219_SendData) for MAX7219_SendData
    miniproject.o(.text.displayTime) refers to miniproject.o(.bss.count_hours) for count_hours
    miniproject.o(.text.displayTime) refers to miniproject.o(.text.MAX7219_DisplayNumber) for MAX7219_DisplayNumber
    miniproject.o(.text.displayTime) refers to miniproject.o(.bss.count_minutes) for count_minutes
    miniproject.o(.text.displayTime) refers to miniproject.o(.data.count_seconds) for count_seconds
    miniproject.o(.ARM.exidx.text.displayTime) refers to miniproject.o(.text.displayTime) for [Anonymous Symbol]
    miniproject.o(.text.displayDay) refers to miniproject.o(.text.MAX7219_SendData) for MAX7219_SendData
    miniproject.o(.text.displayDay) refers to miniproject.o(.data.count_days) for count_days
    miniproject.o(.text.displayDay) refers to miniproject.o(.text.MAX7219_DisplayNumber) for MAX7219_DisplayNumber
    miniproject.o(.text.displayDay) refers to miniproject.o(.text.toggleDecimalPointAndDisplay) for toggleDecimalPointAndDisplay
    miniproject.o(.text.displayDay) refers to miniproject.o(.data.count_months) for count_months
    miniproject.o(.text.displayDay) refers to miniproject.o(.data.count_years) for count_years
    miniproject.o(.ARM.exidx.text.displayDay) refers to miniproject.o(.text.displayDay) for [Anonymous Symbol]
    miniproject.o(.text.displayturnoff) refers to miniproject.o(.text.MAX7219_SendData) for MAX7219_SendData
    miniproject.o(.ARM.exidx.text.displayturnoff) refers to miniproject.o(.text.displayturnoff) for [Anonymous Symbol]
    miniproject.o(.text.LPIT0_Ch0_IRQHandler) refers to miniproject.o(.data.count_seconds) for count_seconds
    miniproject.o(.text.LPIT0_Ch0_IRQHandler) refers to miniproject.o(.bss.count_minutes) for count_minutes
    miniproject.o(.text.LPIT0_Ch0_IRQHandler) refers to miniproject.o(.bss.count_hours) for count_hours
    miniproject.o(.text.LPIT0_Ch0_IRQHandler) refers to miniproject.o(.data.count_days) for count_days
    miniproject.o(.text.LPIT0_Ch0_IRQHandler) refers to miniproject.o(.data.count_months) for count_months
    miniproject.o(.text.LPIT0_Ch0_IRQHandler) refers to miniproject.o(.data.count_years) for count_years
    miniproject.o(.text.LPIT0_Ch0_IRQHandler) refers to miniproject.o(.bss.mode) for mode
    miniproject.o(.text.LPIT0_Ch0_IRQHandler) refers to miniproject.o(.text.displayTime) for displayTime
    miniproject.o(.text.LPIT0_Ch0_IRQHandler) refers to miniproject.o(.text.displayDay) for displayDay
    miniproject.o(.text.LPIT0_Ch0_IRQHandler) refers to miniproject.o(.text.displayturnoff) for displayturnoff
    miniproject.o(.ARM.exidx.text.LPIT0_Ch0_IRQHandler) refers to miniproject.o(.text.LPIT0_Ch0_IRQHandler) for [Anonymous Symbol]
    miniproject.o(.text.PORTC_IRQHandler) refers to miniproject.o(.data.sw3State) for sw3State
    miniproject.o(.text.PORTC_IRQHandler) refers to miniproject.o(.bss.mode) for mode
    miniproject.o(.text.PORTC_IRQHandler) refers to miniproject.o(.data.sw2State) for sw2State
    miniproject.o(.ARM.exidx.text.PORTC_IRQHandler) refers to miniproject.o(.text.PORTC_IRQHandler) for [Anonymous Symbol]
    miniproject.o(.text.LPUART0_RxTx_IRQHandler) refers to stm32f411_uart.o(.text.LPUART0_receive_char_interrupt) for LPUART0_receive_char_interrupt
    miniproject.o(.text.LPUART0_RxTx_IRQHandler) refers to miniproject.o(.bss.bufferIndex) for bufferIndex
    miniproject.o(.text.LPUART0_RxTx_IRQHandler) refers to miniproject.o(.bss.Buffer_uart) for Buffer_uart
    miniproject.o(.text.LPUART0_RxTx_IRQHandler) refers to miniproject.o(.bss.count_hours) for count_hours
    miniproject.o(.text.LPUART0_RxTx_IRQHandler) refers to miniproject.o(.bss.count_minutes) for count_minutes
    miniproject.o(.text.LPUART0_RxTx_IRQHandler) refers to miniproject.o(.data.count_seconds) for count_seconds
    miniproject.o(.text.LPUART0_RxTx_IRQHandler) refers to miniproject.o(.data.count_days) for count_days
    miniproject.o(.text.LPUART0_RxTx_IRQHandler) refers to miniproject.o(.data.count_months) for count_months
    miniproject.o(.text.LPUART0_RxTx_IRQHandler) refers to miniproject.o(.data.count_years) for count_years
    miniproject.o(.ARM.exidx.text.LPUART0_RxTx_IRQHandler) refers to miniproject.o(.text.LPUART0_RxTx_IRQHandler) for [Anonymous Symbol]
    startup.o(.text.init_data_bss) refers to startup_s32k144.o(.text) for __RAM_VECTOR_TABLE_SIZE
    startup.o(.text.init_data_bss) refers to startup.o(.rodata.s_vectors) for s_vectors
    startup.o(.ARM.exidx.text.init_data_bss) refers to startup.o(.text.init_data_bss) for [Anonymous Symbol]
    startup_s32k144.o(.text) refers (Special) to miniproject.o(.text.main) for main
    startup_s32k144.o(.text) refers to startup_s32k144.o(FlashConfig) for FlashConfig
    startup_s32k144.o(.text) refers to startup_s32k144.o(RESET) for __Vectors
    startup_s32k144.o(.text) refers to system_s32k144.o(.text.SystemInit) for SystemInit
    startup_s32k144.o(.text) refers to startup.o(.text.init_data_bss) for init_data_bss
    startup_s32k144.o(.text) refers to __main.o(!!!main) for __main
    startup_s32k144.o(RESET) refers (Special) to miniproject.o(.text.main) for main
    startup_s32k144.o(RESET) refers to startup_s32k144.o(.text) for Reset_Handler
    startup_s32k144.o(RESET) refers to miniproject.o(.text.LPUART0_RxTx_IRQHandler) for LPUART0_RxTx_IRQHandler
    startup_s32k144.o(RESET) refers to miniproject.o(.text.LPIT0_Ch0_IRQHandler) for LPIT0_Ch0_IRQHandler
    startup_s32k144.o(RESET) refers to miniproject.o(.text.PORTC_IRQHandler) for PORTC_IRQHandler
    startup_s32k144.o(FlashConfig) refers (Special) to miniproject.o(.text.main) for main
    system_s32k144.o(.ARM.exidx.text.SystemInit) refers to system_s32k144.o(.text.SystemInit) for [Anonymous Symbol]
    system_s32k144.o(.text.SystemCoreClockUpdate) refers to system_s32k144.o(.rodata.SystemCoreClockUpdate.fircFreq) for SystemCoreClockUpdate.fircFreq
    system_s32k144.o(.text.SystemCoreClockUpdate) refers to system_s32k144.o(.data.SystemCoreClock) for SystemCoreClock
    system_s32k144.o(.ARM.exidx.text.SystemCoreClockUpdate) refers to system_s32k144.o(.text.SystemCoreClockUpdate) for [Anonymous Symbol]
    system_s32k144.o(.ARM.exidx.text.SystemSoftwareReset) refers to system_s32k144.o(.text.SystemSoftwareReset) for [Anonymous Symbol]
    __main.o(!!!main) refers to __rtentry.o(.ARM.Collect$$rtentry$$00000000) for __rt_entry
    __rtentry.o(.ARM.Collect$$rtentry$$00000000) refers (Special) to __rtentry2.o(.ARM.Collect$$rtentry$$0000000A) for __rt_entry_li
    __rtentry.o(.ARM.Collect$$rtentry$$00000000) refers (Special) to __rtentry2.o(.ARM.Collect$$rtentry$$0000000D) for __rt_entry_main
    __rtentry.o(.ARM.Collect$$rtentry$$00000000) refers (Special) to __rtentry2.o(.ARM.Collect$$rtentry$$0000000C) for __rt_entry_postli_1
    __rtentry.o(.ARM.Collect$$rtentry$$00000000) refers (Special) to __rtentry2.o(.ARM.Collect$$rtentry$$00000009) for __rt_entry_postsh_1
    __rtentry.o(.ARM.Collect$$rtentry$$00000000) refers (Special) to __rtentry2.o(.ARM.Collect$$rtentry$$00000002) for __rt_entry_presh_1
    __rtentry.o(.ARM.Collect$$rtentry$$00000000) refers (Special) to __rtentry7.o(.ARM.Collect$$rtentry$$00000007) for __rt_entry_sh
    __rtentry2.o(.ARM.Collect$$rtentry$$00000008) refers to boardinit2.o(.text) for _platform_post_stackheap_init
    __rtentry2.o(.ARM.Collect$$rtentry$$0000000A) refers to libinit.o(.ARM.Collect$$libinit$$00000000) for __rt_lib_init
    __rtentry2.o(.ARM.Collect$$rtentry$$0000000B) refers to boardinit3.o(.text) for _platform_post_lib_init
    __rtentry2.o(.ARM.Collect$$rtentry$$0000000D) refers to miniproject.o(.text.main) for main
    __rtentry2.o(.ARM.Collect$$rtentry$$0000000D) refers to exit.o(.text) for exit
    __rtentry2.o(.ARM.exidx) refers to __rtentry2.o(.ARM.Collect$$rtentry$$00000001) for .ARM.Collect$$rtentry$$00000001
    __rtentry2.o(.ARM.exidx) refers to __rtentry2.o(.ARM.Collect$$rtentry$$00000008) for .ARM.Collect$$rtentry$$00000008
    __rtentry2.o(.ARM.exidx) refers to __rtentry2.o(.ARM.Collect$$rtentry$$0000000A) for .ARM.Collect$$rtentry$$0000000A
    __rtentry2.o(.ARM.exidx) refers to __rtentry2.o(.ARM.Collect$$rtentry$$0000000B) for .ARM.Collect$$rtentry$$0000000B
    __rtentry2.o(.ARM.exidx) refers to __rtentry2.o(.ARM.Collect$$rtentry$$0000000D) for .ARM.Collect$$rtentry$$0000000D
    __rtentry4.o(.ARM.Collect$$rtentry$$00000004) refers to sys_stackheap_outer.o(.text) for __user_setup_stackheap
    __rtentry4.o(.ARM.exidx) refers to __rtentry4.o(.ARM.Collect$$rtentry$$00000004) for .ARM.Collect$$rtentry$$00000004
    __rtentry7.o(.ARM.Collect$$rtentry$$00000007) refers to __rtentry7.o(.ARM.Collect$$rtentry$$00002718) for __lit__00000000
    __rtentry7.o(__vectab_stack_and_reset_2_area) refers to __main.o(!!!main) for __main
    __rtentry7.o(.ARM.exidx) refers to __rtentry7.o(.ARM.Collect$$rtentry$$00000007) for .ARM.Collect$$rtentry$$00000007
    __rtentry7.o(.ARM.exidx) refers to __rtentry7.o(.ARM.Collect$$rtentry$$00002718) for .ARM.Collect$$rtentry$$00002718
    sys_stackheap_outer.o(.text) refers to libspace.o(.text) for __user_perproc_libspace
    sys_stackheap_outer.o(.text) refers to sys_stackheap.o(.text) for __user_initial_stackheap
    exit.o(.text) refers to rtexit.o(.ARM.Collect$$rtexit$$00000000) for __rt_exit
    libinit.o(.ARM.Collect$$libinit$$00000000) refers (Special) to libinit2.o(.ARM.Collect$$libinit$$00000030) for __rt_lib_init_alloca_1
    libinit.o(.ARM.Collect$$libinit$$00000000) refers (Special) to libinit2.o(.ARM.Collect$$libinit$$0000002E) for __rt_lib_init_argv_1
    libinit.o(.ARM.Collect$$libinit$$00000000) refers (Special) to libinit2.o(.ARM.Collect$$libinit$$0000001D) for __rt_lib_init_atexit_1
    libinit.o(.ARM.Collect$$libinit$$00000000) refers (Special) to libinit2.o(.ARM.Collect$$libinit$$00000023) for __rt_lib_init_clock_1
    libinit.o(.ARM.Collect$$libinit$$00000000) refers (Special) to libinit2.o(.ARM.Collect$$libinit$$00000034) for __rt_lib_init_cpp_1
    libinit.o(.ARM.Collect$$libinit$$00000000) refers (Special) to libinit2.o(.ARM.Collect$$libinit$$00000032) for __rt_lib_init_exceptions_1
    libinit.o(.ARM.Collect$$libinit$$00000000) refers (Special) to libinit2.o(.ARM.Collect$$libinit$$00000001) for __rt_lib_init_fp_1
    libinit.o(.ARM.Collect$$libinit$$00000000) refers (Special) to libinit2.o(.ARM.Collect$$libinit$$00000021) for __rt_lib_init_fp_trap_1
    libinit.o(.ARM.Collect$$libinit$$00000000) refers (Special) to libinit2.o(.ARM.Collect$$libinit$$00000025) for __rt_lib_init_getenv_1
    libinit.o(.ARM.Collect$$libinit$$00000000) refers (Special) to libinit2.o(.ARM.Collect$$libinit$$0000000C) for __rt_lib_init_heap_1
    libinit.o(.ARM.Collect$$libinit$$00000000) refers (Special) to libinit2.o(.ARM.Collect$$libinit$$00000013) for __rt_lib_init_lc_collate_1
    libinit.o(.ARM.Collect$$libinit$$00000000) refers (Special) to libinit2.o(.ARM.Collect$$libinit$$00000015) for __rt_lib_init_lc_ctype_1
    libinit.o(.ARM.Collect$$libinit$$00000000) refers (Special) to libinit2.o(.ARM.Collect$$libinit$$00000017) for __rt_lib_init_lc_monetary_1
    libinit.o(.ARM.Collect$$libinit$$00000000) refers (Special) to libinit2.o(.ARM.Collect$$libinit$$00000019) for __rt_lib_init_lc_numeric_1
    libinit.o(.ARM.Collect$$libinit$$00000000) refers (Special) to libinit2.o(.ARM.Collect$$libinit$$0000001B) for __rt_lib_init_lc_time_1
    libinit.o(.ARM.Collect$$libinit$$00000000) refers (Special) to libinit2.o(.ARM.Collect$$libinit$$00000006) for __rt_lib_init_preinit_1
    libinit.o(.ARM.Collect$$libinit$$00000000) refers (Special) to libinit2.o(.ARM.Collect$$libinit$$00000010) for __rt_lib_init_rand_1
    libinit.o(.ARM.Collect$$libinit$$00000000) refers (Special) to libinit2.o(.ARM.Collect$$libinit$$00000004) for __rt_lib_init_relocate_pie_1
    libinit.o(.ARM.Collect$$libinit$$00000000) refers (Special) to libinit2.o(.ARM.Collect$$libinit$$00000035) for __rt_lib_init_return
    libinit.o(.ARM.Collect$$libinit$$00000000) refers (Special) to libinit2.o(.ARM.Collect$$libinit$$0000001F) for __rt_lib_init_signal_1
    libinit.o(.ARM.Collect$$libinit$$00000000) refers (Special) to libinit2.o(.ARM.Collect$$libinit$$00000027) for __rt_lib_init_stdio_1
    libinit.o(.ARM.Collect$$libinit$$00000000) refers (Special) to libinit2.o(.ARM.Collect$$libinit$$0000000E) for __rt_lib_init_user_alloc_1
    libspace.o(.text) refers to libspace.o(.bss) for __libspace_start
    sys_stackheap.o(.text) refers (Special) to indicate_semi.o(.text) for __semihosting_library_function
    sys_stackheap.o(.text) refers to use_no_semi.o(.text) for __I$use$semihosting
    sys_stackheap_hlt.o(.text) refers (Special) to indicate_semi.o(.text) for __semihosting_library_function
    sys_stackheap_hlt.o(.text) refers to use_no_semi.o(.text) for __I$use$semihosting
    rtexit.o(.ARM.Collect$$rtexit$$00000000) refers (Special) to rtexit2.o(.ARM.Collect$$rtexit$$00000004) for __rt_exit_exit
    rtexit.o(.ARM.Collect$$rtexit$$00000000) refers (Special) to rtexit2.o(.ARM.Collect$$rtexit$$00000003) for __rt_exit_ls
    rtexit.o(.ARM.Collect$$rtexit$$00000000) refers (Special) to rtexit2.o(.ARM.Collect$$rtexit$$00000002) for __rt_exit_prels_1
    rtexit.o(.ARM.exidx) refers (Special) to rtexit2.o(.ARM.Collect$$rtexit$$00000004) for __rt_exit_exit
    rtexit.o(.ARM.exidx) refers (Special) to rtexit2.o(.ARM.Collect$$rtexit$$00000003) for __rt_exit_ls
    rtexit.o(.ARM.exidx) refers (Special) to rtexit2.o(.ARM.Collect$$rtexit$$00000002) for __rt_exit_prels_1
    rtexit.o(.ARM.exidx) refers to rtexit.o(.ARM.Collect$$rtexit$$00000000) for .ARM.Collect$$rtexit$$00000000
    libinit2.o(.ARM.Collect$$libinit$$00000001) refers to fpinit.o(x$fpl$fpinit) for _fp_init
    libinit2.o(.ARM.Collect$$libinit$$00000012) refers to libinit2.o(.ARM.Collect$$libinit$$00000011) for .ARM.Collect$$libinit$$00000011
    libinit2.o(.ARM.Collect$$libinit$$00000014) refers to libinit2.o(.ARM.Collect$$libinit$$00000011) for .ARM.Collect$$libinit$$00000011
    libinit2.o(.ARM.Collect$$libinit$$00000016) refers to libinit2.o(.ARM.Collect$$libinit$$00000011) for .ARM.Collect$$libinit$$00000011
    libinit2.o(.ARM.Collect$$libinit$$00000018) refers to libinit2.o(.ARM.Collect$$libinit$$00000011) for .ARM.Collect$$libinit$$00000011
    libinit2.o(.ARM.Collect$$libinit$$0000001A) refers to libinit2.o(.ARM.Collect$$libinit$$00000011) for .ARM.Collect$$libinit$$00000011
    libinit2.o(.ARM.Collect$$libinit$$00000028) refers to argv_veneer.o(.emb_text) for __ARM_argv_veneer
    libinit2.o(.ARM.Collect$$libinit$$00000029) refers to argv_veneer.o(.emb_text) for __ARM_argv_veneer
    libinit5.o(.ARM.Collect$$libinit$$0000000A) refers to libinit5.o(.ARM.Collect$$libinit$$0000271B) for __lit__00000000
    libinit5.o(.ARM.Collect$$libinit$$0000002C) refers to libinit5.o(.ARM.Collect$$libinit$$0000273D) for __lit__00000002
    libinit5.o(.ARM.Collect$$libinit$$0000002C) refers to argv_veneer.o(.emb_text) for __ARM_argv_veneer
    rtexit2.o(.ARM.Collect$$rtexit$$00000003) refers to libshutdown.o(.ARM.Collect$$libshutdown$$00000000) for __rt_lib_shutdown
    rtexit2.o(.ARM.Collect$$rtexit$$00000004) refers to sys_exit.o(.text) for _sys_exit
    rtexit2.o(.ARM.exidx) refers to rtexit2.o(.ARM.Collect$$rtexit$$00000001) for .ARM.Collect$$rtexit$$00000001
    rtexit2.o(.ARM.exidx) refers to rtexit2.o(.ARM.Collect$$rtexit$$00000003) for .ARM.Collect$$rtexit$$00000003
    rtexit2.o(.ARM.exidx) refers to rtexit2.o(.ARM.Collect$$rtexit$$00000004) for .ARM.Collect$$rtexit$$00000004
    argv_veneer.o(.emb_text) refers to no_argv.o(.text) for __ARM_get_argv
    sys_exit.o(.text) refers (Special) to use_no_semi.o(.text) for __I$use$semihosting
    sys_exit.o(.text) refers (Special) to indicate_semi.o(.text) for __semihosting_library_function
    sys_exit_hlt.o(.text) refers (Special) to use_no_semi.o(.text) for __I$use$semihosting
    sys_exit_hlt.o(.text) refers (Special) to indicate_semi.o(.text) for __semihosting_library_function
    _get_argv_nomalloc.o(.text) refers (Special) to hrguard.o(.text) for __heap_region$guard
    _get_argv_nomalloc.o(.text) refers to defsig_rtmem_outer.o(.text) for __rt_SIGRTMEM
    _get_argv_nomalloc.o(.text) refers to sys_command.o(.text) for _sys_command_string
    libshutdown.o(.ARM.Collect$$libshutdown$$00000000) refers (Special) to libshutdown2.o(.ARM.Collect$$libshutdown$$00000002) for __rt_lib_shutdown_cpp_1
    libshutdown.o(.ARM.Collect$$libshutdown$$00000000) refers (Special) to libshutdown2.o(.ARM.Collect$$libshutdown$$00000007) for __rt_lib_shutdown_fp_trap_1
    libshutdown.o(.ARM.Collect$$libshutdown$$00000000) refers (Special) to libshutdown2.o(.ARM.Collect$$libshutdown$$0000000F) for __rt_lib_shutdown_heap_1
    libshutdown.o(.ARM.Collect$$libshutdown$$00000000) refers (Special) to libshutdown2.o(.ARM.Collect$$libshutdown$$00000010) for __rt_lib_shutdown_return
    libshutdown.o(.ARM.Collect$$libshutdown$$00000000) refers (Special) to libshutdown2.o(.ARM.Collect$$libshutdown$$0000000A) for __rt_lib_shutdown_signal_1
    libshutdown.o(.ARM.Collect$$libshutdown$$00000000) refers (Special) to libshutdown2.o(.ARM.Collect$$libshutdown$$00000004) for __rt_lib_shutdown_stdio_1
    libshutdown.o(.ARM.Collect$$libshutdown$$00000000) refers (Special) to libshutdown2.o(.ARM.Collect$$libshutdown$$0000000C) for __rt_lib_shutdown_user_alloc_1
    sys_command.o(.text) refers (Special) to use_no_semi.o(.text) for __I$use$semihosting
    sys_command.o(.text) refers (Special) to indicate_semi.o(.text) for __semihosting_library_function
    sys_command_hlt.o(.text) refers (Special) to use_no_semi.o(.text) for __I$use$semihosting
    sys_command_hlt.o(.text) refers (Special) to indicate_semi.o(.text) for __semihosting_library_function
    defsig_rtmem_outer.o(.text) refers to defsig_rtmem_inner.o(.text) for __rt_SIGRTMEM_inner
    defsig_rtmem_outer.o(.text) refers to defsig_exit.o(.text) for __sig_exit
    defsig_rtmem_formal.o(.text) refers to rt_raise.o(.text) for __rt_raise
    rt_raise.o(.text) refers to __raise.o(.text) for __raise
    rt_raise.o(.text) refers to sys_exit.o(.text) for _sys_exit
    defsig_exit.o(.text) refers to sys_exit.o(.text) for _sys_exit
    defsig_rtmem_inner.o(.text) refers to defsig_general.o(.text) for __default_signal_display
    __raise.o(.text) refers to defsig.o(CL$$defsig) for __default_signal_handler
    defsig_general.o(.text) refers to sys_wrch.o(.text) for _ttywrch
    sys_wrch.o(.text) refers (Special) to use_no_semi.o(.text) for __I$use$semihosting
    sys_wrch.o(.text) refers (Special) to indicate_semi.o(.text) for __semihosting_library_function
    sys_wrch_hlt.o(.text) refers (Special) to use_no_semi.o(.text) for __I$use$semihosting
    sys_wrch_hlt.o(.text) refers (Special) to indicate_semi.o(.text) for __semihosting_library_function
    defsig.o(CL$$defsig) refers to defsig_rtmem_inner.o(.text) for __rt_SIGRTMEM_inner
    defsig_abrt_inner.o(.text) refers to defsig_general.o(.text) for __default_signal_display
    defsig_fpe_inner.o(.text) refers to defsig_general.o(.text) for __default_signal_display
    defsig_rtred_inner.o(.text) refers to defsig_general.o(.text) for __default_signal_display
    defsig_stak_inner.o(.text) refers to defsig_general.o(.text) for __default_signal_display
    defsig_pvfn_inner.o(.text) refers to defsig_general.o(.text) for __default_signal_display
    defsig_cppl_inner.o(.text) refers to defsig_general.o(.text) for __default_signal_display
    defsig_segv_inner.o(.text) refers to defsig_general.o(.text) for __default_signal_display
    defsig_other.o(.text) refers to defsig_general.o(.text) for __default_signal_display


==============================================================================

Removing Unused input sections from the image.

    Removing stm32f144_gpio.o(.text), (0 bytes).
    Removing stm32f144_gpio.o(.text.configLed), (146 bytes).
    Removing stm32f144_gpio.o(.ARM.exidx.text.configLed), (8 bytes).
    Removing stm32f144_gpio.o(.text.setOutputPin), (68 bytes).
    Removing stm32f144_gpio.o(.ARM.exidx.text.setOutputPin), (8 bytes).
    Removing stm32f144_gpio.o(.ARM.exidx.text.configButton), (8 bytes).
    Removing stm32f144_gpio.o(.text.configButton_portA), (116 bytes).
    Removing stm32f144_gpio.o(.ARM.exidx.text.configButton_portA), (8 bytes).
    Removing stm32f144_gpio.o(.text.configButton_portB), (116 bytes).
    Removing stm32f144_gpio.o(.ARM.exidx.text.configButton_portB), (8 bytes).
    Removing stm32f411_uart.o(.text), (0 bytes).
    Removing stm32f411_uart.o(.ARM.exidx.text.LPUART_PORT0_init), (8 bytes).
    Removing stm32f411_uart.o(.ARM.exidx.text.LPUART0_TransReceiver_Pin), (8 bytes).
    Removing stm32f411_uart.o(.ARM.exidx.text.LPUART0_BaudRate), (8 bytes).
    Removing stm32f411_uart.o(.ARM.exidx.text.LPUART0_Frame), (8 bytes).
    Removing stm32f411_uart.o(.ARM.exidx.text.LPUART0_Enable_RxTx), (8 bytes).
    Removing stm32f411_uart.o(.ARM.exidx.text.LPUART0_init), (8 bytes).
    Removing stm32f411_uart.o(.text.LPUART0_transmit_char), (46 bytes).
    Removing stm32f411_uart.o(.ARM.exidx.text.LPUART0_transmit_char), (8 bytes).
    Removing stm32f411_uart.o(.text.LPUART0_transmit_string), (46 bytes).
    Removing stm32f411_uart.o(.ARM.exidx.text.LPUART0_transmit_string), (8 bytes).
    Removing stm32f411_uart.o(.text.LPUART0_receive_char), (46 bytes).
    Removing stm32f411_uart.o(.ARM.exidx.text.LPUART0_receive_char), (8 bytes).
    Removing stm32f411_uart.o(.text.LPUART0_transmit_char_interrupt), (44 bytes).
    Removing stm32f411_uart.o(.ARM.exidx.text.LPUART0_transmit_char_interrupt), (8 bytes).
    Removing stm32f411_uart.o(.ARM.exidx.text.LPUART0_receive_char_interrupt), (8 bytes).
    Removing s32k_lpit.o(.text), (0 bytes).
    Removing s32k_lpit.o(.ARM.exidx.text.SettingClock), (8 bytes).
    Removing s32k_lpit.o(.ARM.exidx.text.LPIT_Init), (8 bytes).
    Removing s32k_lpit.o(.ARM.exidx.text.Config_channel), (8 bytes).
    Removing s32k_lpit.o(.ARM.exidx.text.TimeChannel), (8 bytes).
    Removing s32k_lpspi.o(.text), (0 bytes).
    Removing s32k_lpspi.o(.ARM.exidx.text.PORT_init_master), (8 bytes).
    Removing s32k_lpspi.o(.ARM.exidx.text.LPSPI0_int_master), (8 bytes).
    Removing s32k_lpspi.o(.ARM.exidx.text.LPSPI0_transmit), (8 bytes).
    Removing s32k_lpspi.o(.text.LPSPI0_transmit_string), (46 bytes).
    Removing s32k_lpspi.o(.ARM.exidx.text.LPSPI0_transmit_string), (8 bytes).
    Removing s32k_lpspi.o(.text.LPSPI0_receive), (52 bytes).
    Removing s32k_lpspi.o(.ARM.exidx.text.LPSPI0_receive), (8 bytes).
    Removing s32k_lpspi.o(.text.PORT_init_slave), (98 bytes).
    Removing s32k_lpspi.o(.ARM.exidx.text.PORT_init_slave), (8 bytes).
    Removing s32k_lpspi.o(.text.LPSPI1_int_slave), (150 bytes).
    Removing s32k_lpspi.o(.ARM.exidx.text.LPSPI1_int_slave), (8 bytes).
    Removing s32k_lpspi.o(.text.LPSPI1_transmit), (44 bytes).
    Removing s32k_lpspi.o(.ARM.exidx.text.LPSPI1_transmit), (8 bytes).
    Removing s32k_lpspi.o(.text.LPSPI1_receive), (58 bytes).
    Removing s32k_lpspi.o(.ARM.exidx.text.LPSPI1_receive), (8 bytes).
    Removing s32k_lpspi.o(.text.LPSPI1_receive_interrupt), (54 bytes).
    Removing s32k_lpspi.o(.ARM.exidx.text.LPSPI1_receive_interrupt), (8 bytes).
    Removing miniproject.o(.text), (0 bytes).
    Removing miniproject.o(.text.delay), (48 bytes).
    Removing miniproject.o(.ARM.exidx.text.delay), (8 bytes).
    Removing miniproject.o(.ARM.exidx.text.main), (8 bytes).
    Removing miniproject.o(.ARM.exidx.text.config), (8 bytes).
    Removing miniproject.o(.ARM.exidx.text.MAX7219_Init), (8 bytes).
    Removing miniproject.o(.ARM.exidx.text.MAX7219_DisplayNumber), (8 bytes).
    Removing miniproject.o(.ARM.exidx.text.MAX7219_SendData), (8 bytes).
    Removing miniproject.o(.text.MAX7219_EnableSegment), (36 bytes).
    Removing miniproject.o(.ARM.exidx.text.MAX7219_EnableSegment), (8 bytes).
    Removing miniproject.o(.ARM.exidx.text.toggleDecimalPointAndDisplay), (8 bytes).
    Removing miniproject.o(.ARM.exidx.text.cofig_lpit), (8 bytes).
    Removing miniproject.o(.ARM.exidx.text.displayTime), (8 bytes).
    Removing miniproject.o(.ARM.exidx.text.displayDay), (8 bytes).
    Removing miniproject.o(.ARM.exidx.text.displayturnoff), (8 bytes).
    Removing miniproject.o(.ARM.exidx.text.LPIT0_Ch0_IRQHandler), (8 bytes).
    Removing miniproject.o(.ARM.exidx.text.PORTC_IRQHandler), (8 bytes).
    Removing miniproject.o(.ARM.exidx.text.LPUART0_RxTx_IRQHandler), (8 bytes).
    Removing miniproject.o(.ARM.use_no_argv), (4 bytes).
    Removing startup.o(.text), (0 bytes).
    Removing startup.o(.ARM.exidx.text.init_data_bss), (8 bytes).
    Removing system_s32k144.o(.text), (0 bytes).
    Removing system_s32k144.o(.ARM.exidx.text.SystemInit), (8 bytes).
    Removing system_s32k144.o(.text.SystemCoreClockUpdate), (254 bytes).
    Removing system_s32k144.o(.ARM.exidx.text.SystemCoreClockUpdate), (8 bytes).
    Removing system_s32k144.o(.text.SystemSoftwareReset), (48 bytes).
    Removing system_s32k144.o(.ARM.exidx.text.SystemSoftwareReset), (8 bytes).
    Removing system_s32k144.o(.data.SystemCoreClock), (4 bytes).
    Removing system_s32k144.o(.rodata.SystemCoreClockUpdate.fircFreq), (4 bytes).

78 unused section(s) (total 1920 bytes) removed from the image.

==============================================================================

Image Symbol Table

    Local Symbols

    Symbol Name                              Value     Ov Type        Size  Object(Section)

    ../clib/angel/boardlib.s                 0x00000000   Number         0  boardinit1.o ABSOLUTE
    ../clib/angel/boardlib.s                 0x00000000   Number         0  boardinit2.o ABSOLUTE
    ../clib/angel/boardlib.s                 0x00000000   Number         0  boardinit3.o ABSOLUTE
    ../clib/angel/boardlib.s                 0x00000000   Number         0  boardshut.o ABSOLUTE
    ../clib/angel/handlers.s                 0x00000000   Number         0  __scatter_copy.o ABSOLUTE
    ../clib/angel/handlers.s                 0x00000000   Number         0  __scatter_zi.o ABSOLUTE
    ../clib/angel/kernel.s                   0x00000000   Number         0  __rtentry.o ABSOLUTE
    ../clib/angel/kernel.s                   0x00000000   Number         0  __rtentry2.o ABSOLUTE
    ../clib/angel/kernel.s                   0x00000000   Number         0  __rtentry4.o ABSOLUTE
    ../clib/angel/kernel.s                   0x00000000   Number         0  __rtentry7.o ABSOLUTE
    ../clib/angel/kernel.s                   0x00000000   Number         0  rtexit.o ABSOLUTE
    ../clib/angel/kernel.s                   0x00000000   Number         0  rtexit2.o ABSOLUTE
    ../clib/angel/rt.s                       0x00000000   Number         0  rt_raise.o ABSOLUTE
    ../clib/angel/scatter.s                  0x00000000   Number         0  __scatter.o ABSOLUTE
    ../clib/angel/startup.s                  0x00000000   Number         0  __main.o ABSOLUTE
    ../clib/angel/sys.s                      0x00000000   Number         0  sys_stackheap_outer.o ABSOLUTE
    ../clib/angel/sys.s                      0x00000000   Number         0  libspace.o ABSOLUTE
    ../clib/angel/sys.s                      0x00000000   Number         0  sys_stackheap.o ABSOLUTE
    ../clib/angel/sys.s                      0x00000000   Number         0  sys_stackheap_hlt.o ABSOLUTE
    ../clib/angel/sys.s                      0x00000000   Number         0  use_no_semi.o ABSOLUTE
    ../clib/angel/sys.s                      0x00000000   Number         0  indicate_semi.o ABSOLUTE
    ../clib/angel/sysapp.c                   0x00000000   Number         0  sys_exit.o ABSOLUTE
    ../clib/angel/sysapp.c                   0x00000000   Number         0  sys_exit_hlt.o ABSOLUTE
    ../clib/angel/sysapp.c                   0x00000000   Number         0  sys_command.o ABSOLUTE
    ../clib/angel/sysapp.c                   0x00000000   Number         0  sys_command_hlt.o ABSOLUTE
    ../clib/angel/sysapp.c                   0x00000000   Number         0  sys_wrch.o ABSOLUTE
    ../clib/angel/sysapp.c                   0x00000000   Number         0  sys_wrch_hlt.o ABSOLUTE
    ../clib/armsys.c                         0x00000000   Number         0  argv_veneer.o ABSOLUTE
    ../clib/armsys.c                         0x00000000   Number         0  argv_veneer.o ABSOLUTE
    ../clib/armsys.c                         0x00000000   Number         0  _get_argv_nomalloc.o ABSOLUTE
    ../clib/armsys.c                         0x00000000   Number         0  no_argv.o ABSOLUTE
    ../clib/heapalloc.c                      0x00000000   Number         0  hrguard.o ABSOLUTE
    ../clib/libinit.s                        0x00000000   Number         0  libinit.o ABSOLUTE
    ../clib/libinit.s                        0x00000000   Number         0  libinit2.o ABSOLUTE
    ../clib/libinit.s                        0x00000000   Number         0  libinit5.o ABSOLUTE
    ../clib/libinit.s                        0x00000000   Number         0  libshutdown.o ABSOLUTE
    ../clib/libinit.s                        0x00000000   Number         0  libshutdown2.o ABSOLUTE
    ../clib/signal.c                         0x00000000   Number         0  defsig_rtmem_outer.o ABSOLUTE
    ../clib/signal.c                         0x00000000   Number         0  defsig_rtmem_formal.o ABSOLUTE
    ../clib/signal.c                         0x00000000   Number         0  defsig_exit.o ABSOLUTE
    ../clib/signal.c                         0x00000000   Number         0  defsig_rtmem_inner.o ABSOLUTE
    ../clib/signal.c                         0x00000000   Number         0  __raise.o ABSOLUTE
    ../clib/signal.c                         0x00000000   Number         0  defsig_general.o ABSOLUTE
    ../clib/signal.c                         0x00000000   Number         0  defsig_abrt_inner.o ABSOLUTE
    ../clib/signal.c                         0x00000000   Number         0  defsig_fpe_inner.o ABSOLUTE
    ../clib/signal.c                         0x00000000   Number         0  defsig_rtred_inner.o ABSOLUTE
    ../clib/signal.c                         0x00000000   Number         0  defsig_stak_inner.o ABSOLUTE
    ../clib/signal.c                         0x00000000   Number         0  defsig_pvfn_inner.o ABSOLUTE
    ../clib/signal.c                         0x00000000   Number         0  defsig_cppl_inner.o ABSOLUTE
    ../clib/signal.c                         0x00000000   Number         0  defsig_segv_inner.o ABSOLUTE
    ../clib/signal.c                         0x00000000   Number         0  defsig_other.o ABSOLUTE
    ../clib/signal.s                         0x00000000   Number         0  defsig.o ABSOLUTE
    ../clib/stdlib.c                         0x00000000   Number         0  exit.o ABSOLUTE
    ../fplib/fpinit.s                        0x00000000   Number         0  fpinit.o ABSOLUTE
    RTE\Device\S32K144HAxxxLLx\startup_S32K144.S 0x00000000   Number         0  startup_s32k144.o ABSOLUTE
    dc.s                                     0x00000000   Number         0  dc.o ABSOLUTE
    miniproject.c                            0x00000000   Number         0  miniproject.o ABSOLUTE
    s32k_LPIT.c                              0x00000000   Number         0  s32k_lpit.o ABSOLUTE
    s32k_LPSPI.c                             0x00000000   Number         0  s32k_lpspi.o ABSOLUTE
    startup.c                                0x00000000   Number         0  startup.o ABSOLUTE
    stm32f144_gpio.c                         0x00000000   Number         0  stm32f144_gpio.o ABSOLUTE
    stm32f411_uart.c                         0x00000000   Number         0  stm32f411_uart.o ABSOLUTE
    system_S32K144.c                         0x00000000   Number         0  system_s32k144.o ABSOLUTE
    RESET                                    0x00000000   Section      560  startup_s32k144.o(RESET)
    FlashConfig                              0x00000400   Section       16  startup_s32k144.o(FlashConfig)
    s_vectors                                0x00000410   Data           4  startup.o(.rodata.s_vectors)
    [Anonymous Symbol]                       0x00000410   Section        0  startup.o(.rodata.s_vectors)
    !!!main                                  0x00000414   Section        8  __main.o(!!!main)
    !!!scatter                               0x0000041c   Section       52  __scatter.o(!!!scatter)
    !!handler_copy                           0x00000450   Section       26  __scatter_copy.o(!!handler_copy)
    !!handler_zi                             0x0000046c   Section       28  __scatter_zi.o(!!handler_zi)
    .ARM.Collect$$libinit$$00000000          0x00000488   Section        2  libinit.o(.ARM.Collect$$libinit$$00000000)
    .ARM.Collect$$libinit$$00000001          0x0000048a   Section        4  libinit2.o(.ARM.Collect$$libinit$$00000001)
    .ARM.Collect$$libinit$$00000004          0x0000048e   Section        0  libinit2.o(.ARM.Collect$$libinit$$00000004)
    .ARM.Collect$$libinit$$00000006          0x0000048e   Section        0  libinit2.o(.ARM.Collect$$libinit$$00000006)
    .ARM.Collect$$libinit$$0000000C          0x0000048e   Section        0  libinit2.o(.ARM.Collect$$libinit$$0000000C)
    .ARM.Collect$$libinit$$0000000E          0x0000048e   Section        0  libinit2.o(.ARM.Collect$$libinit$$0000000E)
    .ARM.Collect$$libinit$$00000010          0x0000048e   Section        0  libinit2.o(.ARM.Collect$$libinit$$00000010)
    .ARM.Collect$$libinit$$00000013          0x0000048e   Section        0  libinit2.o(.ARM.Collect$$libinit$$00000013)
    .ARM.Collect$$libinit$$00000015          0x0000048e   Section        0  libinit2.o(.ARM.Collect$$libinit$$00000015)
    .ARM.Collect$$libinit$$00000017          0x0000048e   Section        0  libinit2.o(.ARM.Collect$$libinit$$00000017)
    .ARM.Collect$$libinit$$00000019          0x0000048e   Section        0  libinit2.o(.ARM.Collect$$libinit$$00000019)
    .ARM.Collect$$libinit$$0000001B          0x0000048e   Section        0  libinit2.o(.ARM.Collect$$libinit$$0000001B)
    .ARM.Collect$$libinit$$0000001D          0x0000048e   Section        0  libinit2.o(.ARM.Collect$$libinit$$0000001D)
    .ARM.Collect$$libinit$$0000001F          0x0000048e   Section        0  libinit2.o(.ARM.Collect$$libinit$$0000001F)
    .ARM.Collect$$libinit$$00000021          0x0000048e   Section        0  libinit2.o(.ARM.Collect$$libinit$$00000021)
    .ARM.Collect$$libinit$$00000023          0x0000048e   Section        0  libinit2.o(.ARM.Collect$$libinit$$00000023)
    .ARM.Collect$$libinit$$00000025          0x0000048e   Section        0  libinit2.o(.ARM.Collect$$libinit$$00000025)
    .ARM.Collect$$libinit$$00000027          0x0000048e   Section        0  libinit2.o(.ARM.Collect$$libinit$$00000027)
    .ARM.Collect$$libinit$$0000002E          0x0000048e   Section        0  libinit2.o(.ARM.Collect$$libinit$$0000002E)
    .ARM.Collect$$libinit$$00000030          0x0000048e   Section        0  libinit2.o(.ARM.Collect$$libinit$$00000030)
    .ARM.Collect$$libinit$$00000032          0x0000048e   Section        0  libinit2.o(.ARM.Collect$$libinit$$00000032)
    .ARM.Collect$$libinit$$00000034          0x0000048e   Section        0  libinit2.o(.ARM.Collect$$libinit$$00000034)
    .ARM.Collect$$libinit$$00000035          0x0000048e   Section        2  libinit2.o(.ARM.Collect$$libinit$$00000035)
    .ARM.Collect$$libshutdown$$00000000      0x00000490   Section        2  libshutdown.o(.ARM.Collect$$libshutdown$$00000000)
    .ARM.Collect$$libshutdown$$00000002      0x00000492   Section        0  libshutdown2.o(.ARM.Collect$$libshutdown$$00000002)
    .ARM.Collect$$libshutdown$$00000004      0x00000492   Section        0  libshutdown2.o(.ARM.Collect$$libshutdown$$00000004)
    .ARM.Collect$$libshutdown$$00000007      0x00000492   Section        0  libshutdown2.o(.ARM.Collect$$libshutdown$$00000007)
    .ARM.Collect$$libshutdown$$0000000A      0x00000492   Section        0  libshutdown2.o(.ARM.Collect$$libshutdown$$0000000A)
    .ARM.Collect$$libshutdown$$0000000C      0x00000492   Section        0  libshutdown2.o(.ARM.Collect$$libshutdown$$0000000C)
    .ARM.Collect$$libshutdown$$0000000F      0x00000492   Section        0  libshutdown2.o(.ARM.Collect$$libshutdown$$0000000F)
    .ARM.Collect$$libshutdown$$00000010      0x00000492   Section        2  libshutdown2.o(.ARM.Collect$$libshutdown$$00000010)
    .ARM.Collect$$rtentry$$00000000          0x00000494   Section        0  __rtentry.o(.ARM.Collect$$rtentry$$00000000)
    .ARM.Collect$$rtentry$$00000002          0x00000494   Section        0  __rtentry2.o(.ARM.Collect$$rtentry$$00000002)
    .ARM.Collect$$rtentry$$00000007          0x00000494   Section        4  __rtentry7.o(.ARM.Collect$$rtentry$$00000007)
    .ARM.Collect$$rtentry$$00000009          0x00000498   Section        0  __rtentry2.o(.ARM.Collect$$rtentry$$00000009)
    .ARM.Collect$$rtentry$$0000000A          0x00000498   Section        4  __rtentry2.o(.ARM.Collect$$rtentry$$0000000A)
    .ARM.Collect$$rtentry$$0000000C          0x0000049c   Section        0  __rtentry2.o(.ARM.Collect$$rtentry$$0000000C)
    .ARM.Collect$$rtentry$$0000000D          0x0000049c   Section        8  __rtentry2.o(.ARM.Collect$$rtentry$$0000000D)
    __lit__00000000                          0x000004a4   Data           4  __rtentry7.o(.ARM.Collect$$rtentry$$00002718)
    .ARM.Collect$$rtentry$$00002718          0x000004a4   Section        4  __rtentry7.o(.ARM.Collect$$rtentry$$00002718)
    .ARM.Collect$$rtexit$$00000000           0x000004a8   Section        2  rtexit.o(.ARM.Collect$$rtexit$$00000000)
    .ARM.Collect$$rtexit$$00000002           0x000004aa   Section        0  rtexit2.o(.ARM.Collect$$rtexit$$00000002)
    .ARM.Collect$$rtexit$$00000003           0x000004aa   Section        4  rtexit2.o(.ARM.Collect$$rtexit$$00000003)
    .ARM.Collect$$rtexit$$00000004           0x000004ae   Section        6  rtexit2.o(.ARM.Collect$$rtexit$$00000004)
    .text                                    0x000004b4   Section      156  startup_s32k144.o(.text)
    $v0                                      0x00000508   Number         0  startup_s32k144.o(.text)
    .text                                    0x00000550   Section        0  exit.o(.text)
    .text                                    0x00000562   Section        2  use_no_semi.o(.text)
    .text                                    0x00000564   Section        0  indicate_semi.o(.text)
    .text                                    0x00000564   Section        0  sys_exit.o(.text)
    [Anonymous Symbol]                       0x00000570   Section        0  s32k_lpit.o(.text.Config_channel)
    [Anonymous Symbol]                       0x00000580   Section        0  miniproject.o(.text.LPIT0_Ch0_IRQHandler)
    [Anonymous Symbol]                       0x000008b0   Section        0  s32k_lpit.o(.text.LPIT_Init)
    [Anonymous Symbol]                       0x000008ec   Section        0  s32k_lpspi.o(.text.LPSPI0_int_master)
    [Anonymous Symbol]                       0x00000970   Section        0  s32k_lpspi.o(.text.LPSPI0_transmit)
    [Anonymous Symbol]                       0x0000099c   Section        0  stm32f411_uart.o(.text.LPUART0_BaudRate)
    [Anonymous Symbol]                       0x000009d4   Section        0  stm32f411_uart.o(.text.LPUART0_Enable_RxTx)
    [Anonymous Symbol]                       0x000009f8   Section        0  stm32f411_uart.o(.text.LPUART0_Frame)
    [Anonymous Symbol]                       0x00000a54   Section        0  miniproject.o(.text.LPUART0_RxTx_IRQHandler)
    [Anonymous Symbol]                       0x00000b90   Section        0  stm32f411_uart.o(.text.LPUART0_TransReceiver_Pin)
    [Anonymous Symbol]                       0x00000bb4   Section        0  stm32f411_uart.o(.text.LPUART0_init)
    [Anonymous Symbol]                       0x00000bd0   Section        0  stm32f411_uart.o(.text.LPUART0_receive_char_interrupt)
    [Anonymous Symbol]                       0x00000c00   Section        0  stm32f411_uart.o(.text.LPUART_PORT0_init)
    [Anonymous Symbol]                       0x00000c44   Section        0  miniproject.o(.text.MAX7219_DisplayNumber)
    [Anonymous Symbol]                       0x00000c64   Section        0  miniproject.o(.text.MAX7219_Init)
    [Anonymous Symbol]                       0x00000c88   Section        0  miniproject.o(.text.MAX7219_SendData)
    [Anonymous Symbol]                       0x00000cc8   Section        0  miniproject.o(.text.PORTC_IRQHandler)
    [Anonymous Symbol]                       0x00000df8   Section        0  s32k_lpspi.o(.text.PORT_init_master)
    [Anonymous Symbol]                       0x00000e4c   Section        0  s32k_lpit.o(.text.SettingClock)
    [Anonymous Symbol]                       0x00000e88   Section        0  system_s32k144.o(.text.SystemInit)
    [Anonymous Symbol]                       0x00000edc   Section        0  s32k_lpit.o(.text.TimeChannel)
    [Anonymous Symbol]                       0x00000ef0   Section        0  miniproject.o(.text.cofig_lpit)
    [Anonymous Symbol]                       0x00000f04   Section        0  miniproject.o(.text.config)
    [Anonymous Symbol]                       0x00000f28   Section        0  stm32f144_gpio.o(.text.configButton)
    [Anonymous Symbol]                       0x00000fb0   Section        0  miniproject.o(.text.displayDay)
    [Anonymous Symbol]                       0x000010c8   Section        0  miniproject.o(.text.displayTime)
    [Anonymous Symbol]                       0x00001190   Section        0  miniproject.o(.text.displayturnoff)
    [Anonymous Symbol]                       0x0000119c   Section        0  startup.o(.text.init_data_bss)
    [Anonymous Symbol]                       0x0000123c   Section        0  miniproject.o(.text.main)
    [Anonymous Symbol]                       0x00001294   Section        0  miniproject.o(.text.toggleDecimalPointAndDisplay)
    $v0                                      0x000012ee   Number         0  fpinit.o(x$fpl$fpinit)
    x$fpl$fpinit                             0x000012ee   Section       26  fpinit.o(x$fpl$fpinit)
    count_days                               0x1fff8400   Data           1  miniproject.o(.data.count_days)
    [Anonymous Symbol]                       0x1fff8400   Section        0  miniproject.o(.data.count_days)
    count_months                             0x1fff8401   Data           1  miniproject.o(.data.count_months)
    [Anonymous Symbol]                       0x1fff8401   Section        0  miniproject.o(.data.count_months)
    count_seconds                            0x1fff8402   Data           1  miniproject.o(.data.count_seconds)
    [Anonymous Symbol]                       0x1fff8402   Section        0  miniproject.o(.data.count_seconds)
    count_years                              0x1fff8404   Data           4  miniproject.o(.data.count_years)
    [Anonymous Symbol]                       0x1fff8404   Section        0  miniproject.o(.data.count_years)
    sw2State                                 0x1fff8408   Data           4  miniproject.o(.data.sw2State)
    [Anonymous Symbol]                       0x1fff8408   Section        0  miniproject.o(.data.sw2State)
    sw3State                                 0x1fff840c   Data           4  miniproject.o(.data.sw3State)
    [Anonymous Symbol]                       0x1fff840c   Section        0  miniproject.o(.data.sw3State)
    Buffer_uart                              0x20000000   Data          11  miniproject.o(.bss.Buffer_uart)
    [Anonymous Symbol]                       0x20000000   Section        0  miniproject.o(.bss.Buffer_uart)
    bufferIndex                              0x2000000c   Data           4  miniproject.o(.bss.bufferIndex)
    [Anonymous Symbol]                       0x2000000c   Section        0  miniproject.o(.bss.bufferIndex)
    count_hours                              0x20000010   Data           1  miniproject.o(.bss.count_hours)
    [Anonymous Symbol]                       0x20000010   Section        0  miniproject.o(.bss.count_hours)
    count_minutes                            0x20000011   Data           1  miniproject.o(.bss.count_minutes)
    [Anonymous Symbol]                       0x20000011   Section        0  miniproject.o(.bss.count_minutes)
    mode                                     0x20000014   Data           4  miniproject.o(.bss.mode)
    [Anonymous Symbol]                       0x20000014   Section        0  miniproject.o(.bss.mode)

    Global Symbols

    Symbol Name                              Value     Ov Type        Size  Object(Section)

    BuildAttributes$$THM_ISAv4$E$P$D$K$B$S$7EM$VFPi3$EXTD16$VFPS$VFMA$PE$A:L22UL41UL21$X:L11$S22US41US21$IEEE1$IW$~IW$USESV6$~STKCKD$USESV7$~SHL$OSPACE$ROPI$EBA8$UX$STANDARDLIB$REQ8$PRES8$EABIv2 0x00000000   Number         0  anon$$obj.o ABSOLUTE
    Image$$RW_m_code$$Length                 0x00000000   Number         0  anon$$obj.o ABSOLUTE
    Image$$VECTOR_RAM$$Length                0x00000000   Number         0  anon$$obj.o ABSOLUTE
    Image$$VECTOR_ROM$$Base                  0x00000000   Number         0  anon$$obj.o ABSOLUTE
    __Vectors                                0x00000000   Data           4  startup_s32k144.o(RESET)
    Image$$ZI$$Limit                          - Undefined Weak Reference
    __ARM_exceptions_init                     - Undefined Weak Reference
    __alloca_initialize                       - Undefined Weak Reference
    __arm_preinit_                            - Undefined Weak Reference
    __arm_relocate_pie_                       - Undefined Weak Reference
    __cpp_initialize__aeabi_                  - Undefined Weak Reference
    __cxa_finalize                            - Undefined Weak Reference
    __rt_locale                               - Undefined Weak Reference
    __sigvec_lookup                           - Undefined Weak Reference
    _atexit_init                              - Undefined Weak Reference
    _call_atexit_fns                          - Undefined Weak Reference
    _clock_init                               - Undefined Weak Reference
    _fp_trap_init                             - Undefined Weak Reference
    _fp_trap_shutdown                         - Undefined Weak Reference
    _get_lc_collate                           - Undefined Weak Reference
    _get_lc_ctype                             - Undefined Weak Reference
    _get_lc_monetary                          - Undefined Weak Reference
    _get_lc_numeric                           - Undefined Weak Reference
    _get_lc_time                              - Undefined Weak Reference
    _getenv_init                              - Undefined Weak Reference
    _handle_redirection                       - Undefined Weak Reference
    _init_alloc                               - Undefined Weak Reference
    _init_user_alloc                          - Undefined Weak Reference
    _initio                                   - Undefined Weak Reference
    _rand_init                                - Undefined Weak Reference
    _signal_finish                            - Undefined Weak Reference
    _signal_init                              - Undefined Weak Reference
    _terminate_alloc                          - Undefined Weak Reference
    _terminate_user_alloc                     - Undefined Weak Reference
    _terminateio                              - Undefined Weak Reference
    Image$$RW_m_data$$Length                 0x00000010   Number         0  anon$$obj.o ABSOLUTE
    Image$$VECTOR_ROM$$Length                0x00000230   Number         0  anon$$obj.o ABSOLUTE
    Image$$VECTOR_ROM$$Limit                 0x00000230   Number         0  anon$$obj.o ABSOLUTE
    Image$$ER_m_text_const$$Base             0x00000410   Number         0  anon$$obj.o ABSOLUTE
    Image$$ER_m_text_const$$Limit            0x00000414   Number         0  anon$$obj.o ABSOLUTE
    __main                                   0x00000415   Thumb Code     8  __main.o(!!!main)
    __scatterload                            0x0000041d   Thumb Code     0  __scatter.o(!!!scatter)
    __scatterload_rt2                        0x0000041d   Thumb Code    44  __scatter.o(!!!scatter)
    __scatterload_rt2_thumb_only             0x0000041d   Thumb Code     0  __scatter.o(!!!scatter)
    __scatterload_null                       0x0000042b   Thumb Code     0  __scatter.o(!!!scatter)
    __scatterload_copy                       0x00000451   Thumb Code    26  __scatter_copy.o(!!handler_copy)
    __scatterload_zeroinit                   0x0000046d   Thumb Code    28  __scatter_zi.o(!!handler_zi)
    __rt_lib_init                            0x00000489   Thumb Code     0  libinit.o(.ARM.Collect$$libinit$$00000000)
    __rt_lib_init_fp_1                       0x0000048b   Thumb Code     0  libinit2.o(.ARM.Collect$$libinit$$00000001)
    __rt_lib_init_alloca_1                   0x0000048f   Thumb Code     0  libinit2.o(.ARM.Collect$$libinit$$00000030)
    __rt_lib_init_argv_1                     0x0000048f   Thumb Code     0  libinit2.o(.ARM.Collect$$libinit$$0000002E)
    __rt_lib_init_atexit_1                   0x0000048f   Thumb Code     0  libinit2.o(.ARM.Collect$$libinit$$0000001D)
    __rt_lib_init_clock_1                    0x0000048f   Thumb Code     0  libinit2.o(.ARM.Collect$$libinit$$00000023)
    __rt_lib_init_cpp_1                      0x0000048f   Thumb Code     0  libinit2.o(.ARM.Collect$$libinit$$00000034)
    __rt_lib_init_exceptions_1               0x0000048f   Thumb Code     0  libinit2.o(.ARM.Collect$$libinit$$00000032)
    __rt_lib_init_fp_trap_1                  0x0000048f   Thumb Code     0  libinit2.o(.ARM.Collect$$libinit$$00000021)
    __rt_lib_init_getenv_1                   0x0000048f   Thumb Code     0  libinit2.o(.ARM.Collect$$libinit$$00000025)
    __rt_lib_init_heap_1                     0x0000048f   Thumb Code     0  libinit2.o(.ARM.Collect$$libinit$$0000000C)
    __rt_lib_init_lc_collate_1               0x0000048f   Thumb Code     0  libinit2.o(.ARM.Collect$$libinit$$00000013)
    __rt_lib_init_lc_ctype_1                 0x0000048f   Thumb Code     0  libinit2.o(.ARM.Collect$$libinit$$00000015)
    __rt_lib_init_lc_monetary_1              0x0000048f   Thumb Code     0  libinit2.o(.ARM.Collect$$libinit$$00000017)
    __rt_lib_init_lc_numeric_1               0x0000048f   Thumb Code     0  libinit2.o(.ARM.Collect$$libinit$$00000019)
    __rt_lib_init_lc_time_1                  0x0000048f   Thumb Code     0  libinit2.o(.ARM.Collect$$libinit$$0000001B)
    __rt_lib_init_preinit_1                  0x0000048f   Thumb Code     0  libinit2.o(.ARM.Collect$$libinit$$00000006)
    __rt_lib_init_rand_1                     0x0000048f   Thumb Code     0  libinit2.o(.ARM.Collect$$libinit$$00000010)
    __rt_lib_init_relocate_pie_1             0x0000048f   Thumb Code     0  libinit2.o(.ARM.Collect$$libinit$$00000004)
    __rt_lib_init_return                     0x0000048f   Thumb Code     0  libinit2.o(.ARM.Collect$$libinit$$00000035)
    __rt_lib_init_signal_1                   0x0000048f   Thumb Code     0  libinit2.o(.ARM.Collect$$libinit$$0000001F)
    __rt_lib_init_stdio_1                    0x0000048f   Thumb Code     0  libinit2.o(.ARM.Collect$$libinit$$00000027)
    __rt_lib_init_user_alloc_1               0x0000048f   Thumb Code     0  libinit2.o(.ARM.Collect$$libinit$$0000000E)
    __rt_lib_shutdown                        0x00000491   Thumb Code     0  libshutdown.o(.ARM.Collect$$libshutdown$$00000000)
    __rt_lib_shutdown_cpp_1                  0x00000493   Thumb Code     0  libshutdown2.o(.ARM.Collect$$libshutdown$$00000002)
    __rt_lib_shutdown_fp_trap_1              0x00000493   Thumb Code     0  libshutdown2.o(.ARM.Collect$$libshutdown$$00000007)
    __rt_lib_shutdown_heap_1                 0x00000493   Thumb Code     0  libshutdown2.o(.ARM.Collect$$libshutdown$$0000000F)
    __rt_lib_shutdown_return                 0x00000493   Thumb Code     0  libshutdown2.o(.ARM.Collect$$libshutdown$$00000010)
    __rt_lib_shutdown_signal_1               0x00000493   Thumb Code     0  libshutdown2.o(.ARM.Collect$$libshutdown$$0000000A)
    __rt_lib_shutdown_stdio_1                0x00000493   Thumb Code     0  libshutdown2.o(.ARM.Collect$$libshutdown$$00000004)
    __rt_lib_shutdown_user_alloc_1           0x00000493   Thumb Code     0  libshutdown2.o(.ARM.Collect$$libshutdown$$0000000C)
    __rt_entry                               0x00000495   Thumb Code     0  __rtentry.o(.ARM.Collect$$rtentry$$00000000)
    __rt_entry_presh_1                       0x00000495   Thumb Code     0  __rtentry2.o(.ARM.Collect$$rtentry$$00000002)
    __rt_entry_sh                            0x00000495   Thumb Code     0  __rtentry7.o(.ARM.Collect$$rtentry$$00000007)
    __rt_entry_li                            0x00000499   Thumb Code     0  __rtentry2.o(.ARM.Collect$$rtentry$$0000000A)
    __rt_entry_postsh_1                      0x00000499   Thumb Code     0  __rtentry2.o(.ARM.Collect$$rtentry$$00000009)
    __rt_entry_main                          0x0000049d   Thumb Code     0  __rtentry2.o(.ARM.Collect$$rtentry$$0000000D)
    __rt_entry_postli_1                      0x0000049d   Thumb Code     0  __rtentry2.o(.ARM.Collect$$rtentry$$0000000C)
    __rt_exit                                0x000004a9   Thumb Code     0  rtexit.o(.ARM.Collect$$rtexit$$00000000)
    __rt_exit_ls                             0x000004ab   Thumb Code     0  rtexit2.o(.ARM.Collect$$rtexit$$00000003)
    __rt_exit_prels_1                        0x000004ab   Thumb Code     0  rtexit2.o(.ARM.Collect$$rtexit$$00000002)
    __rt_exit_exit                           0x000004af   Thumb Code     0  rtexit2.o(.ARM.Collect$$rtexit$$00000004)
    __RAM_VECTOR_TABLE_SIZE                  0x000004b4   Data           4  startup_s32k144.o(.text)
    __VECTOR_RAM                             0x000004b8   Data           4  startup_s32k144.o(.text)
    __VECTOR_ROM                             0x000004bc   Data           4  startup_s32k144.o(.text)
    __VECTOR_ROM_START                       0x000004c0   Data           4  startup_s32k144.o(.text)
    __VECTOR_ROM_END                         0x000004c4   Data           4  startup_s32k144.o(.text)
    __CODE_ROM                               0x000004c8   Data           4  startup_s32k144.o(.text)
    __CODE_END                               0x000004cc   Data           4  startup_s32k144.o(.text)
    __CODE_RAM                               0x000004d0   Data           4  startup_s32k144.o(.text)
    __CODE_RAM_START                         0x000004d4   Data           4  startup_s32k144.o(.text)
    __CODE_RAM_END                           0x000004d8   Data           4  startup_s32k144.o(.text)
    __BSS_START                              0x000004dc   Data           4  startup_s32k144.o(.text)
    __BSS_END                                0x000004e0   Data           4  startup_s32k144.o(.text)
    __DATA_RAM                               0x000004e4   Data           4  startup_s32k144.o(.text)
    __DATA_RAM_START                         0x000004e8   Data           4  startup_s32k144.o(.text)
    __DATA_RAM_END                           0x000004ec   Data           4  startup_s32k144.o(.text)
    __DATA_ROM                               0x000004f0   Data           4  startup_s32k144.o(.text)
    __DATA_END                               0x000004f4   Data           4  startup_s32k144.o(.text)
    __CUSTOM_SECTION_START                   0x000004f8   Data           4  startup_s32k144.o(.text)
    __CUSTOM_SECTION_END                     0x000004fc   Data           4  startup_s32k144.o(.text)
    __RAM_START                              0x00000500   Data           4  startup_s32k144.o(.text)
    __RAM_END                                0x00000504   Data           4  startup_s32k144.o(.text)
    Reset_Handler                            0x00000509   Thumb Code    28  startup_s32k144.o(.text)
    NMI_Handler                              0x00000525   Thumb Code     2  startup_s32k144.o(.text)
    HardFault_Handler                        0x00000527   Thumb Code     2  startup_s32k144.o(.text)
    MemManage_Handler                        0x00000529   Thumb Code     2  startup_s32k144.o(.text)
    BusFault_Handler                         0x0000052b   Thumb Code     2  startup_s32k144.o(.text)
    UsageFault_Handler                       0x0000052d   Thumb Code     2  startup_s32k144.o(.text)
    SVC_Handler                              0x0000052f   Thumb Code     2  startup_s32k144.o(.text)
    DebugMon_Handler                         0x00000531   Thumb Code     2  startup_s32k144.o(.text)
    PendSV_Handler                           0x00000533   Thumb Code     2  startup_s32k144.o(.text)
    SysTick_Handler                          0x00000535   Thumb Code     2  startup_s32k144.o(.text)
    DefaultISR                               0x00000537   Thumb Code     2  startup_s32k144.o(.text)
    ADC0_IRQHandler                          0x00000539   Thumb Code     0  startup_s32k144.o(.text)
    ADC1_IRQHandler                          0x00000539   Thumb Code     0  startup_s32k144.o(.text)
    CAN0_Error_IRQHandler                    0x00000539   Thumb Code     0  startup_s32k144.o(.text)
    CAN0_ORed_0_15_MB_IRQHandler             0x00000539   Thumb Code     0  startup_s32k144.o(.text)
    CAN0_ORed_16_31_MB_IRQHandler            0x00000539   Thumb Code     0  startup_s32k144.o(.text)
    CAN0_ORed_IRQHandler                     0x00000539   Thumb Code     0  startup_s32k144.o(.text)
    CAN0_Wake_Up_IRQHandler                  0x00000539   Thumb Code     0  startup_s32k144.o(.text)
    CAN1_Error_IRQHandler                    0x00000539   Thumb Code     0  startup_s32k144.o(.text)
    CAN1_ORed_0_15_MB_IRQHandler             0x00000539   Thumb Code     0  startup_s32k144.o(.text)
    CAN1_ORed_IRQHandler                     0x00000539   Thumb Code     0  startup_s32k144.o(.text)
    CAN2_Error_IRQHandler                    0x00000539   Thumb Code     0  startup_s32k144.o(.text)
    CAN2_ORed_0_15_MB_IRQHandler             0x00000539   Thumb Code     0  startup_s32k144.o(.text)
    CAN2_ORed_IRQHandler                     0x00000539   Thumb Code     0  startup_s32k144.o(.text)
    CMP0_IRQHandler                          0x00000539   Thumb Code     0  startup_s32k144.o(.text)
    DMA0_IRQHandler                          0x00000539   Thumb Code     0  startup_s32k144.o(.text)
    DMA10_IRQHandler                         0x00000539   Thumb Code     0  startup_s32k144.o(.text)
    DMA11_IRQHandler                         0x00000539   Thumb Code     0  startup_s32k144.o(.text)
    DMA12_IRQHandler                         0x00000539   Thumb Code     0  startup_s32k144.o(.text)
    DMA13_IRQHandler                         0x00000539   Thumb Code     0  startup_s32k144.o(.text)
    DMA14_IRQHandler                         0x00000539   Thumb Code     0  startup_s32k144.o(.text)
    DMA15_IRQHandler                         0x00000539   Thumb Code     0  startup_s32k144.o(.text)
    DMA1_IRQHandler                          0x00000539   Thumb Code     0  startup_s32k144.o(.text)
    DMA2_IRQHandler                          0x00000539   Thumb Code     0  startup_s32k144.o(.text)
    DMA3_IRQHandler                          0x00000539   Thumb Code     0  startup_s32k144.o(.text)
    DMA4_IRQHandler                          0x00000539   Thumb Code     0  startup_s32k144.o(.text)
    DMA5_IRQHandler                          0x00000539   Thumb Code     0  startup_s32k144.o(.text)
    DMA6_IRQHandler                          0x00000539   Thumb Code     0  startup_s32k144.o(.text)
    DMA7_IRQHandler                          0x00000539   Thumb Code     0  startup_s32k144.o(.text)
    DMA8_IRQHandler                          0x00000539   Thumb Code     0  startup_s32k144.o(.text)
    DMA9_IRQHandler                          0x00000539   Thumb Code     0  startup_s32k144.o(.text)
    DMA_Error_IRQHandler                     0x00000539   Thumb Code     0  startup_s32k144.o(.text)
    ERM_double_fault_IRQHandler              0x00000539   Thumb Code     0  startup_s32k144.o(.text)
    ERM_single_fault_IRQHandler              0x00000539   Thumb Code     0  startup_s32k144.o(.text)
    FLEXIO_IRQHandler                        0x00000539   Thumb Code     0  startup_s32k144.o(.text)
    FTFC_Fault_IRQHandler                    0x00000539   Thumb Code     0  startup_s32k144.o(.text)
    FTFC_IRQHandler                          0x00000539   Thumb Code     0  startup_s32k144.o(.text)
    FTM0_Ch0_Ch1_IRQHandler                  0x00000539   Thumb Code     0  startup_s32k144.o(.text)
    FTM0_Ch2_Ch3_IRQHandler                  0x00000539   Thumb Code     0  startup_s32k144.o(.text)
    FTM0_Ch4_Ch5_IRQHandler                  0x00000539   Thumb Code     0  startup_s32k144.o(.text)
    FTM0_Ch6_Ch7_IRQHandler                  0x00000539   Thumb Code     0  startup_s32k144.o(.text)
    FTM0_Fault_IRQHandler                    0x00000539   Thumb Code     0  startup_s32k144.o(.text)
    FTM0_Ovf_Reload_IRQHandler               0x00000539   Thumb Code     0  startup_s32k144.o(.text)
    FTM1_Ch0_Ch1_IRQHandler                  0x00000539   Thumb Code     0  startup_s32k144.o(.text)
    FTM1_Ch2_Ch3_IRQHandler                  0x00000539   Thumb Code     0  startup_s32k144.o(.text)
    FTM1_Ch4_Ch5_IRQHandler                  0x00000539   Thumb Code     0  startup_s32k144.o(.text)
    FTM1_Ch6_Ch7_IRQHandler                  0x00000539   Thumb Code     0  startup_s32k144.o(.text)
    FTM1_Fault_IRQHandler                    0x00000539   Thumb Code     0  startup_s32k144.o(.text)
    FTM1_Ovf_Reload_IRQHandler               0x00000539   Thumb Code     0  startup_s32k144.o(.text)
    FTM2_Ch0_Ch1_IRQHandler                  0x00000539   Thumb Code     0  startup_s32k144.o(.text)
    FTM2_Ch2_Ch3_IRQHandler                  0x00000539   Thumb Code     0  startup_s32k144.o(.text)
    FTM2_Ch4_Ch5_IRQHandler                  0x00000539   Thumb Code     0  startup_s32k144.o(.text)
    FTM2_Ch6_Ch7_IRQHandler                  0x00000539   Thumb Code     0  startup_s32k144.o(.text)
    FTM2_Fault_IRQHandler                    0x00000539   Thumb Code     0  startup_s32k144.o(.text)
    FTM2_Ovf_Reload_IRQHandler               0x00000539   Thumb Code     0  startup_s32k144.o(.text)
    FTM3_Ch0_Ch1_IRQHandler                  0x00000539   Thumb Code     0  startup_s32k144.o(.text)
    FTM3_Ch2_Ch3_IRQHandler                  0x00000539   Thumb Code     0  startup_s32k144.o(.text)
    FTM3_Ch4_Ch5_IRQHandler                  0x00000539   Thumb Code     0  startup_s32k144.o(.text)
    FTM3_Ch6_Ch7_IRQHandler                  0x00000539   Thumb Code     0  startup_s32k144.o(.text)
    FTM3_Fault_IRQHandler                    0x00000539   Thumb Code     0  startup_s32k144.o(.text)
    FTM3_Ovf_Reload_IRQHandler               0x00000539   Thumb Code     0  startup_s32k144.o(.text)
    LPI2C0_Master_IRQHandler                 0x00000539   Thumb Code     0  startup_s32k144.o(.text)
    LPI2C0_Slave_IRQHandler                  0x00000539   Thumb Code     0  startup_s32k144.o(.text)
    LPIT0_Ch1_IRQHandler                     0x00000539   Thumb Code     0  startup_s32k144.o(.text)
    LPIT0_Ch2_IRQHandler                     0x00000539   Thumb Code     0  startup_s32k144.o(.text)
    LPIT0_Ch3_IRQHandler                     0x00000539   Thumb Code     0  startup_s32k144.o(.text)
    LPSPI0_IRQHandler                        0x00000539   Thumb Code     0  startup_s32k144.o(.text)
    LPSPI1_IRQHandler                        0x00000539   Thumb Code     0  startup_s32k144.o(.text)
    LPSPI2_IRQHandler                        0x00000539   Thumb Code     0  startup_s32k144.o(.text)
    LPTMR0_IRQHandler                        0x00000539   Thumb Code     0  startup_s32k144.o(.text)
    LPUART1_RxTx_IRQHandler                  0x00000539   Thumb Code     0  startup_s32k144.o(.text)
    LPUART2_RxTx_IRQHandler                  0x00000539   Thumb Code     0  startup_s32k144.o(.text)
    LVD_LVW_IRQHandler                       0x00000539   Thumb Code     0  startup_s32k144.o(.text)
    MCM_IRQHandler                           0x00000539   Thumb Code     0  startup_s32k144.o(.text)
    PDB0_IRQHandler                          0x00000539   Thumb Code     0  startup_s32k144.o(.text)
    PDB1_IRQHandler                          0x00000539   Thumb Code     0  startup_s32k144.o(.text)
    PORTA_IRQHandler                         0x00000539   Thumb Code     0  startup_s32k144.o(.text)
    PORTB_IRQHandler                         0x00000539   Thumb Code     0  startup_s32k144.o(.text)
    PORTD_IRQHandler                         0x00000539   Thumb Code     0  startup_s32k144.o(.text)
    PORTE_IRQHandler                         0x00000539   Thumb Code     0  startup_s32k144.o(.text)
    RCM_IRQHandler                           0x00000539   Thumb Code     0  startup_s32k144.o(.text)
    RTC_IRQHandler                           0x00000539   Thumb Code     0  startup_s32k144.o(.text)
    RTC_Seconds_IRQHandler                   0x00000539   Thumb Code     0  startup_s32k144.o(.text)
    Read_Collision_IRQHandler                0x00000539   Thumb Code     0  startup_s32k144.o(.text)
    Reserved100_IRQHandler                   0x00000539   Thumb Code     0  startup_s32k144.o(.text)
    Reserved103_IRQHandler                   0x00000539   Thumb Code     0  startup_s32k144.o(.text)
    Reserved105_IRQHandler                   0x00000539   Thumb Code     0  startup_s32k144.o(.text)
    Reserved106_IRQHandler                   0x00000539   Thumb Code     0  startup_s32k144.o(.text)
    Reserved107_IRQHandler                   0x00000539   Thumb Code     0  startup_s32k144.o(.text)
    Reserved110_IRQHandler                   0x00000539   Thumb Code     0  startup_s32k144.o(.text)
    Reserved112_IRQHandler                   0x00000539   Thumb Code     0  startup_s32k144.o(.text)
    Reserved113_IRQHandler                   0x00000539   Thumb Code     0  startup_s32k144.o(.text)
    Reserved114_IRQHandler                   0x00000539   Thumb Code     0  startup_s32k144.o(.text)
    Reserved45_IRQHandler                    0x00000539   Thumb Code     0  startup_s32k144.o(.text)
    Reserved46_IRQHandler                    0x00000539   Thumb Code     0  startup_s32k144.o(.text)
    Reserved48_IRQHandler                    0x00000539   Thumb Code     0  startup_s32k144.o(.text)
    Reserved50_IRQHandler                    0x00000539   Thumb Code     0  startup_s32k144.o(.text)
    Reserved52_IRQHandler                    0x00000539   Thumb Code     0  startup_s32k144.o(.text)
    Reserved53_IRQHandler                    0x00000539   Thumb Code     0  startup_s32k144.o(.text)
    Reserved54_IRQHandler                    0x00000539   Thumb Code     0  startup_s32k144.o(.text)
    Reserved58_IRQHandler                    0x00000539   Thumb Code     0  startup_s32k144.o(.text)
    Reserved59_IRQHandler                    0x00000539   Thumb Code     0  startup_s32k144.o(.text)
    Reserved69_IRQHandler                    0x00000539   Thumb Code     0  startup_s32k144.o(.text)
    Reserved70_IRQHandler                    0x00000539   Thumb Code     0  startup_s32k144.o(.text)
    Reserved71_IRQHandler                    0x00000539   Thumb Code     0  startup_s32k144.o(.text)
    Reserved72_IRQHandler                    0x00000539   Thumb Code     0  startup_s32k144.o(.text)
    Reserved81_IRQHandler                    0x00000539   Thumb Code     0  startup_s32k144.o(.text)
    Reserved82_IRQHandler                    0x00000539   Thumb Code     0  startup_s32k144.o(.text)
    Reserved83_IRQHandler                    0x00000539   Thumb Code     0  startup_s32k144.o(.text)
    Reserved86_IRQHandler                    0x00000539   Thumb Code     0  startup_s32k144.o(.text)
    Reserved87_IRQHandler                    0x00000539   Thumb Code     0  startup_s32k144.o(.text)
    Reserved88_IRQHandler                    0x00000539   Thumb Code     0  startup_s32k144.o(.text)
    Reserved89_IRQHandler                    0x00000539   Thumb Code     0  startup_s32k144.o(.text)
    Reserved90_IRQHandler                    0x00000539   Thumb Code     0  startup_s32k144.o(.text)
    Reserved91_IRQHandler                    0x00000539   Thumb Code     0  startup_s32k144.o(.text)
    Reserved92_IRQHandler                    0x00000539   Thumb Code     0  startup_s32k144.o(.text)
    Reserved93_IRQHandler                    0x00000539   Thumb Code     0  startup_s32k144.o(.text)
    Reserved99_IRQHandler                    0x00000539   Thumb Code     0  startup_s32k144.o(.text)
    SCG_IRQHandler                           0x00000539   Thumb Code     0  startup_s32k144.o(.text)
    SWI_IRQHandler                           0x00000539   Thumb Code     0  startup_s32k144.o(.text)
    WDOG_EWM_IRQHandler                      0x00000539   Thumb Code     0  startup_s32k144.o(.text)
    exit                                     0x00000551   Thumb Code    18  exit.o(.text)
    __I$use$semihosting                      0x00000563   Thumb Code     0  use_no_semi.o(.text)
    __use_no_semihosting_swi                 0x00000563   Thumb Code     2  use_no_semi.o(.text)
    __semihosting_library_function           0x00000565   Thumb Code     0  indicate_semi.o(.text)
    _sys_exit                                0x00000565   Thumb Code     8  sys_exit.o(.text)
    Config_channel                           0x00000571   Thumb Code    14  s32k_lpit.o(.text.Config_channel)
    LPIT0_Ch0_IRQHandler                     0x00000581   Thumb Code   814  miniproject.o(.text.LPIT0_Ch0_IRQHandler)
    LPIT_Init                                0x000008b1   Thumb Code    60  s32k_lpit.o(.text.LPIT_Init)
    LPSPI0_int_master                        0x000008ed   Thumb Code   130  s32k_lpspi.o(.text.LPSPI0_int_master)
    LPSPI0_transmit                          0x00000971   Thumb Code    44  s32k_lpspi.o(.text.LPSPI0_transmit)
    LPUART0_BaudRate                         0x0000099d   Thumb Code    56  stm32f411_uart.o(.text.LPUART0_BaudRate)
    LPUART0_Enable_RxTx                      0x000009d5   Thumb Code    34  stm32f411_uart.o(.text.LPUART0_Enable_RxTx)
    LPUART0_Frame                            0x000009f9   Thumb Code    90  stm32f411_uart.o(.text.LPUART0_Frame)
    LPUART0_RxTx_IRQHandler                  0x00000a55   Thumb Code   316  miniproject.o(.text.LPUART0_RxTx_IRQHandler)
    LPUART0_TransReceiver_Pin                0x00000b91   Thumb Code    34  stm32f411_uart.o(.text.LPUART0_TransReceiver_Pin)
    LPUART0_init                             0x00000bb5   Thumb Code    28  stm32f411_uart.o(.text.LPUART0_init)
    LPUART0_receive_char_interrupt           0x00000bd1   Thumb Code    46  stm32f411_uart.o(.text.LPUART0_receive_char_interrupt)
    LPUART_PORT0_init                        0x00000c01   Thumb Code    66  stm32f411_uart.o(.text.LPUART_PORT0_init)
    MAX7219_DisplayNumber                    0x00000c45   Thumb Code    30  miniproject.o(.text.MAX7219_DisplayNumber)
    MAX7219_Init                             0x00000c65   Thumb Code    36  miniproject.o(.text.MAX7219_Init)
    MAX7219_SendData                         0x00000c89   Thumb Code    62  miniproject.o(.text.MAX7219_SendData)
    PORTC_IRQHandler                         0x00000cc9   Thumb Code   302  miniproject.o(.text.PORTC_IRQHandler)
    PORT_init_master                         0x00000df9   Thumb Code    82  s32k_lpspi.o(.text.PORT_init_master)
    SettingClock                             0x00000e4d   Thumb Code    58  s32k_lpit.o(.text.SettingClock)
    SystemInit                               0x00000e89   Thumb Code    82  system_s32k144.o(.text.SystemInit)
    TimeChannel                              0x00000edd   Thumb Code    18  s32k_lpit.o(.text.TimeChannel)
    cofig_lpit                               0x00000ef1   Thumb Code    20  miniproject.o(.text.cofig_lpit)
    config                                   0x00000f05   Thumb Code    36  miniproject.o(.text.config)
    configButton                             0x00000f29   Thumb Code   134  stm32f144_gpio.o(.text.configButton)
    displayDay                               0x00000fb1   Thumb Code   280  miniproject.o(.text.displayDay)
    displayTime                              0x000010c9   Thumb Code   200  miniproject.o(.text.displayTime)
    displayturnoff                           0x00001191   Thumb Code    12  miniproject.o(.text.displayturnoff)
    init_data_bss                            0x0000119d   Thumb Code   160  startup.o(.text.init_data_bss)
    main                                     0x0000123d   Thumb Code    88  miniproject.o(.text.main)
    toggleDecimalPointAndDisplay             0x00001295   Thumb Code    90  miniproject.o(.text.toggleDecimalPointAndDisplay)
    _fp_init                                 0x000012ef   Thumb Code    26  fpinit.o(x$fpl$fpinit)
    __fplib_config_fpu_vfp                   0x00001307   Thumb Code     0  fpinit.o(x$fpl$fpinit)
    __fplib_config_pureend_doubles           0x00001307   Thumb Code     0  fpinit.o(x$fpl$fpinit)
    Region$$Table$$Base                      0x00001308   Number         0  anon$$obj.o(Region$$Table)
    Image$$ER_m_text$$Limit                  0x00001328   Number         0  anon$$obj.o ABSOLUTE
    Region$$Table$$Limit                     0x00001328   Number         0  anon$$obj.o(Region$$Table)
    Image$$VECTOR_RAM$$Base                  0x1fff8000   Number         0  anon$$obj.o ABSOLUTE
    Image$$RW_m_data$$Base                   0x1fff8400   Number         0  anon$$obj.o ABSOLUTE
    Image$$RW_m_code$$Base                   0x1fff8410   Number         0  anon$$obj.o ABSOLUTE
    Image$$RW_m_code$$Limit                  0x1fff8410   Number         0  anon$$obj.o ABSOLUTE
    Image$$RW_m_data$$Limit                  0x1fff8410   Number         0  anon$$obj.o ABSOLUTE
    Image$$RW_m_custom_section$$Base         0x20000000   Number         0  anon$$obj.o ABSOLUTE
    Image$$RW_m_custom_section$$Limit        0x20000000   Number         0  anon$$obj.o ABSOLUTE
    Image$$RW_m_data_2$$ZI$$Base             0x20000000   Number         0  anon$$obj.o ABSOLUTE
    Image$$ARM_LIB_HEAP$$ZI$$Base            0x20000018   Number         0  anon$$obj.o ABSOLUTE
    Image$$RW_m_data_2$$ZI$$Limit            0x20000018   Number         0  anon$$obj.o ABSOLUTE
    Image$$ARM_LIB_HEAP$$ZI$$Limit           0x20000418   Number         0  anon$$obj.o ABSOLUTE
    Image$$ARM_LIB_STACK$$Limit              0x20006c00   Number         0  anon$$obj.o ABSOLUTE
    Image$$ARM_LIB_STACK$$ZI$$Limit          0x20007000   Number         0  anon$$obj.o ABSOLUTE



==============================================================================

Memory Map of the image

  Image Entry point : 0x00000415

  Load Region LR_m_text (Base: 0x00000000, Size: 0x00001338, Max: 0x00080000, ABSOLUTE)

    Execution Region VECTOR_ROM (Exec base: 0x00000000, Load base: 0x00000000, Size: 0x00000230, Max: 0x00000400, ABSOLUTE)

    Exec Addr    Load Addr    Size         Type   Attr      Idx    E Section Name        Object

    0x00000000   0x00000000   0x00000230   Data   RO          151    RESET               startup_s32k144.o


    Execution Region ER_m_flash_config (Exec base: 0x00000400, Load base: 0x00000400, Size: 0x00000010, Max: 0x00000010, ABSOLUTE, FIXED)

    Exec Addr    Load Addr    Size         Type   Attr      Idx    E Section Name        Object

    0x00000400   0x00000400   0x00000010   Data   RO          152    FlashConfig         startup_s32k144.o


    Execution Region ER_m_text_const (Exec base: 0x00000410, Load base: 0x00000410, Size: 0x00000004, Max: 0xffffffff, ABSOLUTE)

    Exec Addr    Load Addr    Size         Type   Attr      Idx    E Section Name        Object

    0x00000410   0x00000410   0x00000004   Data   RO          144    .rodata.s_vectors   startup.o


    Execution Region ER_m_text (Exec base: 0x00000414, Load base: 0x00000414, Size: 0x00000f14, Max: 0x0007fbf0, ABSOLUTE)

    Exec Addr    Load Addr    Size         Type   Attr      Idx    E Section Name        Object

    0x00000414   0x00000414   0x00000008   Code   RO          175  * !!!main             c_w.l(__main.o)
    0x0000041c   0x0000041c   0x00000034   Code   RO          353    !!!scatter          c_w.l(__scatter.o)
    0x00000450   0x00000450   0x0000001a   Code   RO          355    !!handler_copy      c_w.l(__scatter_copy.o)
    0x0000046a   0x0000046a   0x00000002   PAD
    0x0000046c   0x0000046c   0x0000001c   Code   RO          357    !!handler_zi        c_w.l(__scatter_zi.o)
    0x00000488   0x00000488   0x00000002   Code   RO          207    .ARM.Collect$$libinit$$00000000  c_w.l(libinit.o)
    0x0000048a   0x0000048a   0x00000004   Code   RO          217    .ARM.Collect$$libinit$$00000001  c_w.l(libinit2.o)
    0x0000048e   0x0000048e   0x00000000   Code   RO          220    .ARM.Collect$$libinit$$00000004  c_w.l(libinit2.o)
    0x0000048e   0x0000048e   0x00000000   Code   RO          222    .ARM.Collect$$libinit$$00000006  c_w.l(libinit2.o)
    0x0000048e   0x0000048e   0x00000000   Code   RO          225    .ARM.Collect$$libinit$$0000000C  c_w.l(libinit2.o)
    0x0000048e   0x0000048e   0x00000000   Code   RO          227    .ARM.Collect$$libinit$$0000000E  c_w.l(libinit2.o)
    0x0000048e   0x0000048e   0x00000000   Code   RO          229    .ARM.Collect$$libinit$$00000010  c_w.l(libinit2.o)
    0x0000048e   0x0000048e   0x00000000   Code   RO          232    .ARM.Collect$$libinit$$00000013  c_w.l(libinit2.o)
    0x0000048e   0x0000048e   0x00000000   Code   RO          234    .ARM.Collect$$libinit$$00000015  c_w.l(libinit2.o)
    0x0000048e   0x0000048e   0x00000000   Code   RO          236    .ARM.Collect$$libinit$$00000017  c_w.l(libinit2.o)
    0x0000048e   0x0000048e   0x00000000   Code   RO          238    .ARM.Collect$$libinit$$00000019  c_w.l(libinit2.o)
    0x0000048e   0x0000048e   0x00000000   Code   RO          240    .ARM.Collect$$libinit$$0000001B  c_w.l(libinit2.o)
    0x0000048e   0x0000048e   0x00000000   Code   RO          242    .ARM.Collect$$libinit$$0000001D  c_w.l(libinit2.o)
    0x0000048e   0x0000048e   0x00000000   Code   RO          244    .ARM.Collect$$libinit$$0000001F  c_w.l(libinit2.o)
    0x0000048e   0x0000048e   0x00000000   Code   RO          246    .ARM.Collect$$libinit$$00000021  c_w.l(libinit2.o)
    0x0000048e   0x0000048e   0x00000000   Code   RO          248    .ARM.Collect$$libinit$$00000023  c_w.l(libinit2.o)
    0x0000048e   0x0000048e   0x00000000   Code   RO          250    .ARM.Collect$$libinit$$00000025  c_w.l(libinit2.o)
    0x0000048e   0x0000048e   0x00000000   Code   RO          252    .ARM.Collect$$libinit$$00000027  c_w.l(libinit2.o)
    0x0000048e   0x0000048e   0x00000000   Code   RO          256    .ARM.Collect$$libinit$$0000002E  c_w.l(libinit2.o)
    0x0000048e   0x0000048e   0x00000000   Code   RO          258    .ARM.Collect$$libinit$$00000030  c_w.l(libinit2.o)
    0x0000048e   0x0000048e   0x00000000   Code   RO          260    .ARM.Collect$$libinit$$00000032  c_w.l(libinit2.o)
    0x0000048e   0x0000048e   0x00000000   Code   RO          262    .ARM.Collect$$libinit$$00000034  c_w.l(libinit2.o)
    0x0000048e   0x0000048e   0x00000002   Code   RO          263    .ARM.Collect$$libinit$$00000035  c_w.l(libinit2.o)
    0x00000490   0x00000490   0x00000002   Code   RO          292    .ARM.Collect$$libshutdown$$00000000  c_w.l(libshutdown.o)
    0x00000492   0x00000492   0x00000000   Code   RO          304    .ARM.Collect$$libshutdown$$00000002  c_w.l(libshutdown2.o)
    0x00000492   0x00000492   0x00000000   Code   RO          306    .ARM.Collect$$libshutdown$$00000004  c_w.l(libshutdown2.o)
    0x00000492   0x00000492   0x00000000   Code   RO          309    .ARM.Collect$$libshutdown$$00000007  c_w.l(libshutdown2.o)
    0x00000492   0x00000492   0x00000000   Code   RO          312    .ARM.Collect$$libshutdown$$0000000A  c_w.l(libshutdown2.o)
    0x00000492   0x00000492   0x00000000   Code   RO          314    .ARM.Collect$$libshutdown$$0000000C  c_w.l(libshutdown2.o)
    0x00000492   0x00000492   0x00000000   Code   RO          317    .ARM.Collect$$libshutdown$$0000000F  c_w.l(libshutdown2.o)
    0x00000492   0x00000492   0x00000002   Code   RO          318    .ARM.Collect$$libshutdown$$00000010  c_w.l(libshutdown2.o)
    0x00000494   0x00000494   0x00000000   Code   RO          177    .ARM.Collect$$rtentry$$00000000  c_w.l(__rtentry.o)
    0x00000494   0x00000494   0x00000000   Code   RO          179    .ARM.Collect$$rtentry$$00000002  c_w.l(__rtentry2.o)
    0x00000494   0x00000494   0x00000004   Code   RO          193    .ARM.Collect$$rtentry$$00000007  c_w.l(__rtentry7.o)
    0x00000498   0x00000498   0x00000000   Code   RO          181    .ARM.Collect$$rtentry$$00000009  c_w.l(__rtentry2.o)
    0x00000498   0x00000498   0x00000004   Code   RO          182    .ARM.Collect$$rtentry$$0000000A  c_w.l(__rtentry2.o)
    0x0000049c   0x0000049c   0x00000000   Code   RO          184    .ARM.Collect$$rtentry$$0000000C  c_w.l(__rtentry2.o)
    0x0000049c   0x0000049c   0x00000008   Code   RO          185    .ARM.Collect$$rtentry$$0000000D  c_w.l(__rtentry2.o)
    0x000004a4   0x000004a4   0x00000004   Code   RO          194    .ARM.Collect$$rtentry$$00002718  c_w.l(__rtentry7.o)
    0x000004a8   0x000004a8   0x00000002   Code   RO          215    .ARM.Collect$$rtexit$$00000000  c_w.l(rtexit.o)
    0x000004aa   0x000004aa   0x00000000   Code   RO          272    .ARM.Collect$$rtexit$$00000002  c_w.l(rtexit2.o)
    0x000004aa   0x000004aa   0x00000004   Code   RO          273    .ARM.Collect$$rtexit$$00000003  c_w.l(rtexit2.o)
    0x000004ae   0x000004ae   0x00000006   Code   RO          274    .ARM.Collect$$rtexit$$00000004  c_w.l(rtexit2.o)
    0x000004b4   0x000004b4   0x0000009c   Code   RO          150    .text               startup_s32k144.o
    0x00000550   0x00000550   0x00000012   Code   RO          200    .text               c_w.l(exit.o)
    0x00000562   0x00000562   0x00000002   Code   RO          268    .text               c_w.l(use_no_semi.o)
    0x00000564   0x00000564   0x00000000   Code   RO          270    .text               c_w.l(indicate_semi.o)
    0x00000564   0x00000564   0x0000000c   Code   RO          282    .text               c_w.l(sys_exit.o)
    0x00000570   0x00000570   0x0000000e   Code   RO           55    .text.Config_channel  s32k_lpit.o
    0x0000057e   0x0000057e   0x00000002   PAD
    0x00000580   0x00000580   0x0000032e   Code   RO          117    .text.LPIT0_Ch0_IRQHandler  miniproject.o
    0x000008ae   0x000008ae   0x00000002   PAD
    0x000008b0   0x000008b0   0x0000003c   Code   RO           53    .text.LPIT_Init     s32k_lpit.o
    0x000008ec   0x000008ec   0x00000082   Code   RO           68    .text.LPSPI0_int_master  s32k_lpspi.o
    0x0000096e   0x0000096e   0x00000002   PAD
    0x00000970   0x00000970   0x0000002c   Code   RO           70    .text.LPSPI0_transmit  s32k_lpspi.o
    0x0000099c   0x0000099c   0x00000038   Code   RO           26    .text.LPUART0_BaudRate  stm32f411_uart.o
    0x000009d4   0x000009d4   0x00000022   Code   RO           30    .text.LPUART0_Enable_RxTx  stm32f411_uart.o
    0x000009f6   0x000009f6   0x00000002   PAD
    0x000009f8   0x000009f8   0x0000005a   Code   RO           28    .text.LPUART0_Frame  stm32f411_uart.o
    0x00000a52   0x00000a52   0x00000002   PAD
    0x00000a54   0x00000a54   0x0000013c   Code   RO          121    .text.LPUART0_RxTx_IRQHandler  miniproject.o
    0x00000b90   0x00000b90   0x00000022   Code   RO           24    .text.LPUART0_TransReceiver_Pin  stm32f411_uart.o
    0x00000bb2   0x00000bb2   0x00000002   PAD
    0x00000bb4   0x00000bb4   0x0000001c   Code   RO           32    .text.LPUART0_init  stm32f411_uart.o
    0x00000bd0   0x00000bd0   0x0000002e   Code   RO           42    .text.LPUART0_receive_char_interrupt  stm32f411_uart.o
    0x00000bfe   0x00000bfe   0x00000002   PAD
    0x00000c00   0x00000c00   0x00000042   Code   RO           22    .text.LPUART_PORT0_init  stm32f411_uart.o
    0x00000c42   0x00000c42   0x00000002   PAD
    0x00000c44   0x00000c44   0x0000001e   Code   RO          101    .text.MAX7219_DisplayNumber  miniproject.o
    0x00000c62   0x00000c62   0x00000002   PAD
    0x00000c64   0x00000c64   0x00000024   Code   RO           99    .text.MAX7219_Init  miniproject.o
    0x00000c88   0x00000c88   0x0000003e   Code   RO          103    .text.MAX7219_SendData  miniproject.o
    0x00000cc6   0x00000cc6   0x00000002   PAD
    0x00000cc8   0x00000cc8   0x0000012e   Code   RO          119    .text.PORTC_IRQHandler  miniproject.o
    0x00000df6   0x00000df6   0x00000002   PAD
    0x00000df8   0x00000df8   0x00000052   Code   RO           66    .text.PORT_init_master  s32k_lpspi.o
    0x00000e4a   0x00000e4a   0x00000002   PAD
    0x00000e4c   0x00000e4c   0x0000003a   Code   RO           51    .text.SettingClock  s32k_lpit.o
    0x00000e86   0x00000e86   0x00000002   PAD
    0x00000e88   0x00000e88   0x00000052   Code   RO          159    .text.SystemInit    system_s32k144.o
    0x00000eda   0x00000eda   0x00000002   PAD
    0x00000edc   0x00000edc   0x00000012   Code   RO           57    .text.TimeChannel   s32k_lpit.o
    0x00000eee   0x00000eee   0x00000002   PAD
    0x00000ef0   0x00000ef0   0x00000014   Code   RO          109    .text.cofig_lpit    miniproject.o
    0x00000f04   0x00000f04   0x00000024   Code   RO           97    .text.config        miniproject.o
    0x00000f28   0x00000f28   0x00000086   Code   RO            9    .text.configButton  stm32f144_gpio.o
    0x00000fae   0x00000fae   0x00000002   PAD
    0x00000fb0   0x00000fb0   0x00000118   Code   RO          113    .text.displayDay    miniproject.o
    0x000010c8   0x000010c8   0x000000c8   Code   RO          111    .text.displayTime   miniproject.o
    0x00001190   0x00001190   0x0000000c   Code   RO          115    .text.displayturnoff  miniproject.o
    0x0000119c   0x0000119c   0x000000a0   Code   RO          142    .text.init_data_bss  startup.o
    0x0000123c   0x0000123c   0x00000058   Code   RO           95    .text.main          miniproject.o
    0x00001294   0x00001294   0x0000005a   Code   RO          107    .text.toggleDecimalPointAndDisplay  miniproject.o
    0x000012ee   0x000012ee   0x0000001a   Code   RO          280    x$fpl$fpinit        fz_wm.l(fpinit.o)
    0x00001308   0x00001308   0x00000020   Data   RO          352    Region$$Table       anon$$obj.o


    Execution Region VECTOR_RAM (Exec base: 0x1fff8000, Load base: 0x00000230, Size: 0x00000400, Max: 0x00000400, ABSOLUTE)

    Exec Addr    Load Addr    Size         Type   Attr      Idx    E Section Name        Object

    0x1fff8000        -       0x00000400   Zero   RW            1    VECTOR_RAM.bss      anon$$obj.o


    Execution Region RW_m_data (Exec base: 0x1fff8400, Load base: 0x00001328, Size: 0x00000010, Max: 0xffffffff, ABSOLUTE)

    Exec Addr    Load Addr    Size         Type   Attr      Idx    E Section Name        Object

    0x1fff8400   0x00001328   0x00000001   Data   RW          126    .data.count_days    miniproject.o
    0x1fff8401   0x00001329   0x00000001   Data   RW          127    .data.count_months  miniproject.o
    0x1fff8402   0x0000132a   0x00000001   Data   RW          125    .data.count_seconds  miniproject.o
    0x1fff8403   0x0000132b   0x00000001   PAD
    0x1fff8404   0x0000132c   0x00000004   Data   RW          128    .data.count_years   miniproject.o
    0x1fff8408   0x00001330   0x00000004   Data   RW          131    .data.sw2State      miniproject.o
    0x1fff840c   0x00001334   0x00000004   Data   RW          130    .data.sw3State      miniproject.o


    Execution Region RW_m_code (Exec base: 0x1fff8410, Load base: 0x00001338, Size: 0x00000000, Max: 0x00007c00, ABSOLUTE)

    **** No section assigned to this execution region ****


    Execution Region RW_m_custom_section (Exec base: 0x20000000, Load base: 0x00001338, Size: 0x00000000, Max: 0xffffffff, ABSOLUTE)

    **** No section assigned to this execution region ****


    Execution Region RW_m_data_2 (Exec base: 0x20000000, Load base: 0x00001338, Size: 0x00000018, Max: 0x00006800, ABSOLUTE)

    Exec Addr    Load Addr    Size         Type   Attr      Idx    E Section Name        Object

    0x20000000        -       0x0000000b   Zero   RW          133    .bss.Buffer_uart    miniproject.o
    0x2000000b   0x00001338   0x00000001   PAD
    0x2000000c        -       0x00000004   Zero   RW          132    .bss.bufferIndex    miniproject.o
    0x20000010        -       0x00000001   Zero   RW          123    .bss.count_hours    miniproject.o
    0x20000011        -       0x00000001   Zero   RW          124    .bss.count_minutes  miniproject.o
    0x20000012   0x00001338   0x00000002   PAD
    0x20000014        -       0x00000004   Zero   RW          129    .bss.mode           miniproject.o


    Execution Region ARM_LIB_HEAP (Exec base: 0x20000018, Load base: 0x00001338, Size: 0x00000400, Max: 0x00000400, ABSOLUTE)

    Exec Addr    Load Addr    Size         Type   Attr      Idx    E Section Name        Object

    0x20000018        -       0x00000400   Zero   RW            2    ARM_LIB_HEAP.bss    anon$$obj.o


    Execution Region ARM_LIB_STACK (Exec base: 0x20006c00, Load base: 0x00001338, Size: 0x00000400, Max: 0x00000400, ABSOLUTE)

    Exec Addr    Load Addr    Size         Type   Attr      Idx    E Section Name        Object

    0x20006c00        -       0x00000400   Zero   RW            3    ARM_LIB_STACK.bss   anon$$obj.o


==============================================================================

Image component sizes


      Code (inc. data)   RO Data    RW Data    ZI Data      Debug   Object Name

      2286          0          0         15         21       3630   miniproject.o
       150          0          0          0          0        724   s32k_lpit.o
       256          0          0          0          0       2457   s32k_lpspi.o
       160          0          4          0          0       1065   startup.o
       156        106        576          0          0        912   startup_s32k144.o
       134          0          0          0          0       1235   stm32f144_gpio.o
       354          0          0          0          0       2068   stm32f411_uart.o
        82          0          0          0          0       2829   system_s32k144.o

    ----------------------------------------------------------------------
      3610        106        612         16       3096      14920   Object Totals
         0          0         32          0       3072          0   (incl. Generated)
        32          0          0          1          3          0   (incl. Padding)

    ----------------------------------------------------------------------

      Code (inc. data)   RO Data    RW Data    ZI Data      Debug   Library Member Name

         8          0          0          0          0         68   __main.o
         0          0          0          0          0          0   __rtentry.o
        12          0          0          0          0          0   __rtentry2.o
         8          4          0          0          0          0   __rtentry7.o
        52          8          0          0          0          0   __scatter.o
        26          0          0          0          0          0   __scatter_copy.o
        28          0          0          0          0          0   __scatter_zi.o
        18          0          0          0          0         80   exit.o
         0          0          0          0          0          0   indicate_semi.o
         2          0          0          0          0          0   libinit.o
         6          0          0          0          0          0   libinit2.o
         2          0          0          0          0          0   libshutdown.o
         2          0          0          0          0          0   libshutdown2.o
         2          0          0          0          0          0   rtexit.o
        10          0          0          0          0          0   rtexit2.o
        12          4          0          0          0         68   sys_exit.o
         2          0          0          0          0         68   use_no_semi.o
        26          0          0          0          0        116   fpinit.o

    ----------------------------------------------------------------------
       218         16          0          0          0        400   Library Totals
         2          0          0          0          0          0   (incl. Padding)

    ----------------------------------------------------------------------

      Code (inc. data)   RO Data    RW Data    ZI Data      Debug   Library Name

       190         16          0          0          0        284   c_w.l
        26          0          0          0          0        116   fz_wm.l

    ----------------------------------------------------------------------
       218         16          0          0          0        400   Library Totals

    ----------------------------------------------------------------------

==============================================================================


      Code (inc. data)   RO Data    RW Data    ZI Data      Debug   

      3828        122        612         16       3096      15200   Grand Totals
      3828        122        612         16       3096      15200   ELF Image Totals
      3828        122        612         16          0          0   ROM Totals

==============================================================================

    Total RO  Size (Code + RO Data)                 4440 (   4.34kB)
    Total RW  Size (RW Data + ZI Data)              3112 (   3.04kB)
    Total ROM Size (Code + RO Data + RW Data)       4456 (   4.35kB)

==============================================================================

